// Jest Snapshot v1, https://goo.gl/fbAQLP

exports[`Shows all the text nodes on AddTeammates.js that are contained on the making an event form asserts that the component renders properly 1`] = `
Object {
  "asFragment": [Function],
  "baseElement": <body>
    <div>
      <div
        class="sc-fjdhpX nStaw"
      >
        <div
          class="sc-eNQAEJ eJaLcW"
        >
          <div
            class="sc-htpNat sc-bxivhb sc-kgoBCf jVmgUH"
          >
            <div
              class="sc-jKJlTe kbLxzi"
            >
              <h3
                class="sc-dxgOiQ djHkOE"
                data-testid="heading"
              >
                Add Judge
              </h3>
            </div>
            <div
              class="sc-iwsKbI uafnR"
              display="wide"
            >
              <input
                placeholder="Search by email"
                type="text"
                value=""
              />
              <svg
                aria-hidden="true"
                class="svg-inline--fa fa-search fa-w-16 sc-EHOje ImaRG sc-jTzLTM gySMxc"
                data-icon="search"
                data-prefix="fas"
                focusable="false"
                role="img"
                viewBox="0 0 512 512"
                xmlns="http://www.w3.org/2000/svg"
              >
                <path
                  d="M505 442.7L405.3 343c-4.5-4.5-10.6-7-17-7H372c27.6-35.3 44-79.7 44-128C416 93.1 322.9 0 208 0S0 93.1 0 208s93.1 208 208 208c48.3 0 92.7-16.4 128-44v16.3c0 6.4 2.5 12.5 7 17l99.7 99.7c9.4 9.4 24.6 9.4 33.9 0l28.3-28.3c9.4-9.4 9.4-24.6.1-34zM208 336c-70.7 0-128-57.2-128-128 0-70.7 57.2-128 128-128 70.7 0 128 57.2 128 128 0 70.7-57.2 128-128 128z"
                  fill="currentColor"
                />
              </svg>
              <div
                style="display: flex; flex-direction: column;"
              >
                <div
                  class="sc-gZMcBi dFHVKo"
                />
                <div
                  class="sc-gqjmRU gSykCm"
                />
              </div>
              <div
                class="sc-iAyFgw fDrPTQ"
              >
                <button
                  class="sc-hMqMXs jhajig"
                  color="grey"
                >
                  Back
                </button>
                <button
                  class="sc-hMqMXs iojTEY"
                  color="green"
                >
                  Add Judge
                </button>
              </div>
            </div>
          </div>
        </div>
      </div>
    </div>
  </body>,
  "container": <div>
    <div
      class="sc-fjdhpX nStaw"
    >
      <div
        class="sc-eNQAEJ eJaLcW"
      >
        <div
          class="sc-htpNat sc-bxivhb sc-kgoBCf jVmgUH"
        >
          <div
            class="sc-jKJlTe kbLxzi"
          >
            <h3
              class="sc-dxgOiQ djHkOE"
              data-testid="heading"
            >
              Add Judge
            </h3>
          </div>
          <div
            class="sc-iwsKbI uafnR"
            display="wide"
          >
            <input
              placeholder="Search by email"
              type="text"
              value=""
            />
            <svg
              aria-hidden="true"
              class="svg-inline--fa fa-search fa-w-16 sc-EHOje ImaRG sc-jTzLTM gySMxc"
              data-icon="search"
              data-prefix="fas"
              focusable="false"
              role="img"
              viewBox="0 0 512 512"
              xmlns="http://www.w3.org/2000/svg"
            >
              <path
                d="M505 442.7L405.3 343c-4.5-4.5-10.6-7-17-7H372c27.6-35.3 44-79.7 44-128C416 93.1 322.9 0 208 0S0 93.1 0 208s93.1 208 208 208c48.3 0 92.7-16.4 128-44v16.3c0 6.4 2.5 12.5 7 17l99.7 99.7c9.4 9.4 24.6 9.4 33.9 0l28.3-28.3c9.4-9.4 9.4-24.6.1-34zM208 336c-70.7 0-128-57.2-128-128 0-70.7 57.2-128 128-128 70.7 0 128 57.2 128 128 0 70.7-57.2 128-128 128z"
                fill="currentColor"
              />
            </svg>
            <div
              style="display: flex; flex-direction: column;"
            >
              <div
                class="sc-gZMcBi dFHVKo"
              />
              <div
                class="sc-gqjmRU gSykCm"
              />
            </div>
            <div
              class="sc-iAyFgw fDrPTQ"
            >
              <button
                class="sc-hMqMXs jhajig"
                color="grey"
              >
                Back
              </button>
              <button
                class="sc-hMqMXs iojTEY"
                color="green"
              >
                Add Judge
              </button>
            </div>
          </div>
        </div>
      </div>
    </div>
  </div>,
  "debug": [Function],
  "findAllByAltText": [Function],
  "findAllByDisplayValue": [Function],
  "findAllByLabelText": [Function],
  "findAllByPlaceholderText": [Function],
  "findAllByRole": [Function],
  "findAllByTestId": [Function],
  "findAllByText": [Function],
  "findAllByTitle": [Function],
  "findByAltText": [Function],
  "findByDisplayValue": [Function],
  "findByLabelText": [Function],
  "findByPlaceholderText": [Function],
  "findByRole": [Function],
  "findByTestId": [Function],
  "findByText": [Function],
  "findByTitle": [Function],
  "getAllByAltText": [Function],
  "getAllByDisplayValue": [Function],
  "getAllByLabelText": [Function],
  "getAllByPlaceholderText": [Function],
  "getAllByRole": [Function],
  "getAllByTestId": [Function],
  "getAllByText": [Function],
  "getAllByTitle": [Function],
  "getByAltText": [Function],
  "getByDisplayValue": [Function],
  "getByLabelText": [Function],
  "getByPlaceholderText": [Function],
  "getByRole": [Function],
  "getByTestId": [Function],
  "getByText": [Function],
  "getByTitle": [Function],
  "queryAllByAltText": [Function],
  "queryAllByDisplayValue": [Function],
  "queryAllByLabelText": [Function],
  "queryAllByPlaceholderText": [Function],
  "queryAllByRole": [Function],
  "queryAllByTestId": [Function],
  "queryAllByText": [Function],
  "queryAllByTitle": [Function],
  "queryByAltText": [Function],
  "queryByDisplayValue": [Function],
  "queryByLabelText": [Function],
  "queryByPlaceholderText": [Function],
  "queryByRole": [Function],
  "queryByTestId": [Function],
  "queryByText": [Function],
  "queryByTitle": [Function],
  "rerender": [Function],
  "unmount": [Function],
}
`;
