// Jest Snapshot v1, https://goo.gl/fbAQLP

exports[`Shows all the text nodes on CreateTeam.js that are contained on the making an event form CreateTeam.js component renders properly 1`] = `
Object {
  "asFragment": [Function],
  "baseElement": <body>
    <div>
      <div>
        <div
          class="sc-caSCKo bhjPEW"
        >
          <a
            class="sc-TOsTZ kTZUxM"
            href="/"
          >
            <img
              alt="Hackton - Organise hackathons"
              class="sc-fBuWsC kyHoeo"
              src="Hackton-logo.png"
            />
          </a>
          <div
            class="sc-cHGsZl fQyjuM"
          >
            <div
              class="sc-gisBJw dYkUDe"
            >
              <button
                class="sc-gPEVay jqeTh sc-kjoXOD dmrfxM"
                color="grey"
                data-testid="label"
              >
                Log Out
              </button>
            </div>
          </div>
        </div>
        <div
          class="sc-htpNat hiQpHM"
        >
          <div
            class="sc-bdVaJa sc-bxivhb kGXkcm"
          >
            <div
              class="sc-kgAjT eagLfN"
            >
              <h3
                class="sc-kgoBCf gxiaSr"
              >
                Participant Teams
              </h3>
            </div>
            <div
              class="sc-bdVaJa sc-ifAKCX eTxUZm"
            >
              <form
                class="sc-EHOje gcwXic"
              >
                <h4>
                  You are creating a team for 
                  <span
                    class="sc-bZQynM iIlkKe"
                  >
                    EuroHack
                  </span>
                </h4>
                <label>
                  Team Name
                </label>
                <input
                  name="team_name"
                  type="text"
                  value=""
                />
                <button
                  class="sc-gPEVay cgKgRb"
                  color="green"
                  type="submit"
                >
                  Submit
                </button>
              </form>
            </div>
          </div>
        </div>
        <div
          class="sc-gZMcBi jKbyTj"
        >
          <p
            class="sc-fjdhpX bjMPwO"
          >
            International Crafters © 2020
          </p>
          <div>
            <a
              class="sc-gqjmRU sc-jTzLTM kFrNrp"
              href="#"
            >
              Privacy
            </a>
            <a
              class="sc-gqjmRU sc-jTzLTM kFrNrp"
              href="#"
            >
              Contacts
            </a>
          </div>
        </div>
      </div>
    </div>
  </body>,
  "container": <div>
    <div>
      <div
        class="sc-caSCKo bhjPEW"
      >
        <a
          class="sc-TOsTZ kTZUxM"
          href="/"
        >
          <img
            alt="Hackton - Organise hackathons"
            class="sc-fBuWsC kyHoeo"
            src="Hackton-logo.png"
          />
        </a>
        <div
          class="sc-cHGsZl fQyjuM"
        >
          <div
            class="sc-gisBJw dYkUDe"
          >
            <button
              class="sc-gPEVay jqeTh sc-kjoXOD dmrfxM"
              color="grey"
              data-testid="label"
            >
              Log Out
            </button>
          </div>
        </div>
      </div>
      <div
        class="sc-htpNat hiQpHM"
      >
        <div
          class="sc-bdVaJa sc-bxivhb kGXkcm"
        >
          <div
            class="sc-kgAjT eagLfN"
          >
            <h3
              class="sc-kgoBCf gxiaSr"
            >
              Participant Teams
            </h3>
          </div>
          <div
            class="sc-bdVaJa sc-ifAKCX eTxUZm"
          >
            <form
              class="sc-EHOje gcwXic"
            >
              <h4>
                You are creating a team for 
                <span
                  class="sc-bZQynM iIlkKe"
                >
                  EuroHack
                </span>
              </h4>
              <label>
                Team Name
              </label>
              <input
                name="team_name"
                type="text"
                value=""
              />
              <button
                class="sc-gPEVay cgKgRb"
                color="green"
                type="submit"
              >
                Submit
              </button>
            </form>
          </div>
        </div>
      </div>
      <div
        class="sc-gZMcBi jKbyTj"
      >
        <p
          class="sc-fjdhpX bjMPwO"
        >
          International Crafters © 2020
        </p>
        <div>
          <a
            class="sc-gqjmRU sc-jTzLTM kFrNrp"
            href="#"
          >
            Privacy
          </a>
          <a
            class="sc-gqjmRU sc-jTzLTM kFrNrp"
            href="#"
          >
            Contacts
          </a>
        </div>
      </div>
    </div>
  </div>,
  "debug": [Function],
  "findAllByAltText": [Function],
  "findAllByDisplayValue": [Function],
  "findAllByLabelText": [Function],
  "findAllByPlaceholderText": [Function],
  "findAllByRole": [Function],
  "findAllByTestId": [Function],
  "findAllByText": [Function],
  "findAllByTitle": [Function],
  "findByAltText": [Function],
  "findByDisplayValue": [Function],
  "findByLabelText": [Function],
  "findByPlaceholderText": [Function],
  "findByRole": [Function],
  "findByTestId": [Function],
  "findByText": [Function],
  "findByTitle": [Function],
  "getAllByAltText": [Function],
  "getAllByDisplayValue": [Function],
  "getAllByLabelText": [Function],
  "getAllByPlaceholderText": [Function],
  "getAllByRole": [Function],
  "getAllByTestId": [Function],
  "getAllByText": [Function],
  "getAllByTitle": [Function],
  "getByAltText": [Function],
  "getByDisplayValue": [Function],
  "getByLabelText": [Function],
  "getByPlaceholderText": [Function],
  "getByRole": [Function],
  "getByTestId": [Function],
  "getByText": [Function],
  "getByTitle": [Function],
  "queryAllByAltText": [Function],
  "queryAllByDisplayValue": [Function],
  "queryAllByLabelText": [Function],
  "queryAllByPlaceholderText": [Function],
  "queryAllByRole": [Function],
  "queryAllByTestId": [Function],
  "queryAllByText": [Function],
  "queryAllByTitle": [Function],
  "queryByAltText": [Function],
  "queryByDisplayValue": [Function],
  "queryByLabelText": [Function],
  "queryByPlaceholderText": [Function],
  "queryByRole": [Function],
  "queryByTestId": [Function],
  "queryByText": [Function],
  "queryByTitle": [Function],
  "rerender": [Function],
  "unmount": [Function],
}
`;
