// Jest Snapshot v1, https://goo.gl/fbAQLP

exports[`Shows all the text nodes on EventOnboarding.js renders without crashing  1`] = `
Object {
  "asFragment": [Function],
  "baseElement": <body>
    <div>
      <div>
        <div
          class="sc-bdVaJa gOhKpA"
        >
          <div
            class="sc-htpNat dAVxPZ"
          >
            <a
              href="/dashboard"
            >
              <figure
                class="sc-EHOje evAtGa"
              />
            </a>
            <div
              class="sc-elJkPf cDdFgb"
            >
              <div
                class="sc-gqjmRU lkfvUm"
              >
                <span>
                  <svg>
                    link-burger-icon.svg
                  </svg>
                  Menu
                </span>
                <ul>
                  <li>
                    <a
                      class="sc-VigVT cSMNJp"
                      href="/dashboard"
                    >
                      Dashboard
                    </a>
                  </li>
                  <li>
                    <a
                      class="sc-VigVT cSMNJp"
                      href="/dashboard/profile"
                    >
                      Profile
                    </a>
                  </li>
                </ul>
              </div>
              <img
                class="sc-kGXeez gUgdjP"
                src="user_icon.svg"
              />
            </div>
          </div>
        </div>
        <div
          class="sc-hmzhuo eDIFxQ"
        >
          <div
            class="sc-gZMcBi cSZFOW"
          >
            <a
              class="sc-VigVT cSMNJp"
              href="/dashboard"
            >
              <svg>
                link-dashboard-icon.svg
              </svg>
              Dashboard
            </a>
            <a
              class="sc-VigVT cSMNJp"
              href="/dashboard/profile"
            >
              <svg>
                link-profile-icon.svg
              </svg>
              Profile
            </a>
          </div>
          <div
            class="sc-kvZOFW frXMmZ sc-iELTvK dUAlfN"
          >
            <div
              class="sc-ktHwxA eqSkqU"
            >
              <h3
                class="sc-Rmtcm EyekA"
              >
                My hackathons
              </h3>
              <a
                href="/dashboard/new"
              >
                <button
                  class="sc-htoDjs heLOzO"
                  color="green"
                >
                  Create New
                </button>
              </a>
            </div>
            <div
              class="sc-kafWEX kqYwLo"
              spacing="start"
            >
              <a
                class="sc-hEsumM cwHAoI"
                href="/dashboard/event/1"
              >
                <div
                  class="sc-dNLxif AheCm"
                >
                  <h4
                    class="sc-bRBYWo hKoNsV"
                  >
                    EuroHack
                  </h4>
                  <p
                    class="sc-cMljjf cPnCfr"
                  >
                    the best event hack hack hack macbook...
                  </p>
                  <div
                    class="sc-fYxtnH dIsati"
                  >
                    <span
                      class="sc-eqIVtm sc-tilXH fAwhBh"
                      data-testid="date-EuroHack"
                    >
                      09/10/2011
                    </span>
                  </div>
                </div>
              </a>
              <a
                class="sc-hEsumM cwHAoI"
                href="/dashboard/event/2"
              >
                <div
                  class="sc-dNLxif AheCm"
                >
                  <h4
                    class="sc-bRBYWo hKoNsV"
                  >
                    World
                  </h4>
                  <p
                    class="sc-cMljjf cPnCfr"
                  >
                    number one hacker event in the world...
                  </p>
                  <div
                    class="sc-fYxtnH dIsati"
                  >
                    <span
                      class="sc-eqIVtm sc-tilXH fAwhBh"
                      data-testid="date-World"
                    >
                      09/07/2011
                    </span>
                  </div>
                </div>
              </a>
            </div>
            <div
              class="sc-ktHwxA eqSkqU"
            >
              <h3
                class="sc-Rmtcm EyekA"
              >
                Global hackathons
              </h3>
            </div>
            <div
              class="sc-kafWEX kqYwLo"
              spacing="start"
            />
          </div>
        </div>
        <div
          class="sc-dxgOiQ iIuOdq"
        >
          <div
            class="sc-jKJlTe iOyKdi"
          >
            <div>
              <img
                alt="LinkedIn"
                class="sc-hMqMXs eQYKlN"
                src="Icon-linkedin.png"
              />
              <img
                alt="Twitter"
                class="sc-hMqMXs eQYKlN"
                src="Icon-twitter.png"
              />
              <img
                alt="Facebook"
                class="sc-hMqMXs eQYKlN"
                src="Icon-facebook.png"
              />
            </div>
            <div>
              <a
                class="sc-iAyFgw sc-eHgmQL cfoiKQ"
                href="https://hackton.co/#team"
              >
                Team
              </a>
              <a
                class="sc-iAyFgw sc-eHgmQL cfoiKQ"
                href="#"
              >
                Privacy
              </a>
              <a
                class="sc-iAyFgw sc-eHgmQL cfoiKQ"
                href="#"
              >
                Contacts
              </a>
            </div>
            <div>
              <p
                class="sc-cMljjf sc-jAaTju cvsrrP"
              >
                International Crafters © 2020
              </p>
            </div>
          </div>
        </div>
      </div>
    </div>
  </body>,
  "container": <div>
    <div>
      <div
        class="sc-bdVaJa gOhKpA"
      >
        <div
          class="sc-htpNat dAVxPZ"
        >
          <a
            href="/dashboard"
          >
            <figure
              class="sc-EHOje evAtGa"
            />
          </a>
          <div
            class="sc-elJkPf cDdFgb"
          >
            <div
              class="sc-gqjmRU lkfvUm"
            >
              <span>
                <svg>
                  link-burger-icon.svg
                </svg>
                Menu
              </span>
              <ul>
                <li>
                  <a
                    class="sc-VigVT cSMNJp"
                    href="/dashboard"
                  >
                    Dashboard
                  </a>
                </li>
                <li>
                  <a
                    class="sc-VigVT cSMNJp"
                    href="/dashboard/profile"
                  >
                    Profile
                  </a>
                </li>
              </ul>
            </div>
            <img
              class="sc-kGXeez gUgdjP"
              src="user_icon.svg"
            />
          </div>
        </div>
      </div>
      <div
        class="sc-hmzhuo eDIFxQ"
      >
        <div
          class="sc-gZMcBi cSZFOW"
        >
          <a
            class="sc-VigVT cSMNJp"
            href="/dashboard"
          >
            <svg>
              link-dashboard-icon.svg
            </svg>
            Dashboard
          </a>
          <a
            class="sc-VigVT cSMNJp"
            href="/dashboard/profile"
          >
            <svg>
              link-profile-icon.svg
            </svg>
            Profile
          </a>
        </div>
        <div
          class="sc-kvZOFW frXMmZ sc-iELTvK dUAlfN"
        >
          <div
            class="sc-ktHwxA eqSkqU"
          >
            <h3
              class="sc-Rmtcm EyekA"
            >
              My hackathons
            </h3>
            <a
              href="/dashboard/new"
            >
              <button
                class="sc-htoDjs heLOzO"
                color="green"
              >
                Create New
              </button>
            </a>
          </div>
          <div
            class="sc-kafWEX kqYwLo"
            spacing="start"
          >
            <a
              class="sc-hEsumM cwHAoI"
              href="/dashboard/event/1"
            >
              <div
                class="sc-dNLxif AheCm"
              >
                <h4
                  class="sc-bRBYWo hKoNsV"
                >
                  EuroHack
                </h4>
                <p
                  class="sc-cMljjf cPnCfr"
                >
                  the best event hack hack hack macbook...
                </p>
                <div
                  class="sc-fYxtnH dIsati"
                >
                  <span
                    class="sc-eqIVtm sc-tilXH fAwhBh"
                    data-testid="date-EuroHack"
                  >
                    09/10/2011
                  </span>
                </div>
              </div>
            </a>
            <a
              class="sc-hEsumM cwHAoI"
              href="/dashboard/event/2"
            >
              <div
                class="sc-dNLxif AheCm"
              >
                <h4
                  class="sc-bRBYWo hKoNsV"
                >
                  World
                </h4>
                <p
                  class="sc-cMljjf cPnCfr"
                >
                  number one hacker event in the world...
                </p>
                <div
                  class="sc-fYxtnH dIsati"
                >
                  <span
                    class="sc-eqIVtm sc-tilXH fAwhBh"
                    data-testid="date-World"
                  >
                    09/07/2011
                  </span>
                </div>
              </div>
            </a>
          </div>
          <div
            class="sc-ktHwxA eqSkqU"
          >
            <h3
              class="sc-Rmtcm EyekA"
            >
              Global hackathons
            </h3>
          </div>
          <div
            class="sc-kafWEX kqYwLo"
            spacing="start"
          />
        </div>
      </div>
      <div
        class="sc-dxgOiQ iIuOdq"
      >
        <div
          class="sc-jKJlTe iOyKdi"
        >
          <div>
            <img
              alt="LinkedIn"
              class="sc-hMqMXs eQYKlN"
              src="Icon-linkedin.png"
            />
            <img
              alt="Twitter"
              class="sc-hMqMXs eQYKlN"
              src="Icon-twitter.png"
            />
            <img
              alt="Facebook"
              class="sc-hMqMXs eQYKlN"
              src="Icon-facebook.png"
            />
          </div>
          <div>
            <a
              class="sc-iAyFgw sc-eHgmQL cfoiKQ"
              href="https://hackton.co/#team"
            >
              Team
            </a>
            <a
              class="sc-iAyFgw sc-eHgmQL cfoiKQ"
              href="#"
            >
              Privacy
            </a>
            <a
              class="sc-iAyFgw sc-eHgmQL cfoiKQ"
              href="#"
            >
              Contacts
            </a>
          </div>
          <div>
            <p
              class="sc-cMljjf sc-jAaTju cvsrrP"
            >
              International Crafters © 2020
            </p>
          </div>
        </div>
      </div>
    </div>
  </div>,
  "debug": [Function],
  "findAllByAltText": [Function],
  "findAllByDisplayValue": [Function],
  "findAllByLabelText": [Function],
  "findAllByPlaceholderText": [Function],
  "findAllByRole": [Function],
  "findAllByTestId": [Function],
  "findAllByText": [Function],
  "findAllByTitle": [Function],
  "findByAltText": [Function],
  "findByDisplayValue": [Function],
  "findByLabelText": [Function],
  "findByPlaceholderText": [Function],
  "findByRole": [Function],
  "findByTestId": [Function],
  "findByText": [Function],
  "findByTitle": [Function],
  "getAllByAltText": [Function],
  "getAllByDisplayValue": [Function],
  "getAllByLabelText": [Function],
  "getAllByPlaceholderText": [Function],
  "getAllByRole": [Function],
  "getAllByTestId": [Function],
  "getAllByText": [Function],
  "getAllByTitle": [Function],
  "getByAltText": [Function],
  "getByDisplayValue": [Function],
  "getByLabelText": [Function],
  "getByPlaceholderText": [Function],
  "getByRole": [Function],
  "getByTestId": [Function],
  "getByText": [Function],
  "getByTitle": [Function],
  "queryAllByAltText": [Function],
  "queryAllByDisplayValue": [Function],
  "queryAllByLabelText": [Function],
  "queryAllByPlaceholderText": [Function],
  "queryAllByRole": [Function],
  "queryAllByTestId": [Function],
  "queryAllByText": [Function],
  "queryAllByTitle": [Function],
  "queryByAltText": [Function],
  "queryByDisplayValue": [Function],
  "queryByLabelText": [Function],
  "queryByPlaceholderText": [Function],
  "queryByRole": [Function],
  "queryByTestId": [Function],
  "queryByText": [Function],
  "queryByTitle": [Function],
  "rerender": [Function],
  "unmount": [Function],
}
`;
