// Jest Snapshot v1, https://goo.gl/fbAQLP

exports[`Component HackathonSingleProject.js renders properly asserts that the component renders properly 1`] = `
Object {
  "asFragment": [Function],
  "baseElement": <body>
    <div>
      <div>
        <div
          class="sc-bdVaJa gOhKpA"
        >
          <div
            class="sc-bwzfXH fFUqyI"
          >
            <a
              href="/dashboard"
            >
              <img
                alt="Hackton - Organise hackathons"
                class="sc-htpNat Tzmao"
                src="Hackton-logo.png"
              />
            </a>
            <div
              class="sc-kgAjT jIKiCc"
            >
              <div
                class="sc-ifAKCX kdrsqy"
              >
                <span>
                  <svg>
                    link-burger-icon.svg
                  </svg>
                  Menu
                </span>
                <ul>
                  <li>
                    <a
                      class="sc-EHOje hzuIpJ"
                      href="/dashboard"
                    >
                      Dashboard
                    </a>
                  </li>
                  <li>
                    <a
                      class="sc-EHOje hzuIpJ"
                      href="/dashboard/profile"
                    >
                      Profile
                    </a>
                  </li>
                </ul>
              </div>
              <div
                class="sc-bZQynM jmEhMx"
              >
                8
                <ul
                  class="sc-gzVnrw jDXfTH"
                >
                  <li>
                    <a
                      href="/dashboard/profile/edit"
                    >
                      Settings
                    </a>
                  </li>
                  <li>
                    <span>
                      LogOut
                    </span>
                  </li>
                </ul>
              </div>
            </div>
          </div>
        </div>
        <div
          class="sc-eHgmQL bjfMmQ"
        >
          <div
            class="sc-bxivhb gaIiMZ"
          >
            <a
              class="sc-EHOje hzuIpJ"
              href="/dashboard"
            >
              <svg>
                link-dashboard-icon.svg
              </svg>
              Dashboard
            </a>
            <a
              class="sc-EHOje hzuIpJ"
              href="/dashboard/profile"
            >
              <svg>
                link-profile-icon.svg
              </svg>
              Profile
            </a>
          </div>
          <div
            class="sc-cvbbAY iPOLWR sc-jlyJG cZXMfX"
          >
            <div
              class="sc-brqgnP fmVBbM"
            >
              <h3
                class="sc-kpOJdX idJNmT"
              >
                Submitted project for 
                <strong
                  class="sc-Rmtcm jVkHAT"
                >
                  "
                  EuroHack
                  "
                </strong>
              </h3>
            </div>
            <div
              class="sc-cMljjf bwzsDm"
            >
              <div
                class="sc-jDwBTQ sc-gPEVay sc-gipzik jKBHOi"
              >
                <div
                  class="sc-eqIVtm hOZvYG"
                >
                  <div
                    class="sc-fMiknA loVlFO"
                  >
                    <h3
                      class="sc-kpOJdX idJNmT"
                    />
                  </div>
                  <label
                    class="sc-jAaTju fTLCWG"
                    for="project_writeup"
                  >
                    Project writeup
                  </label>
                  <div
                    class="sc-dVhcbM oAYXy"
                    id="project_writeup"
                  >
                    <p
                      class="sc-jzJRlG eWJCf"
                    />
                  </div>
                  <div
                    class="sc-kjoXOD dievKS"
                  >
                    <label
                      class="sc-jAaTju fTLCWG"
                      for="rubrics"
                    />
                    <div
                      class="sc-fAjcbJ iGYLhA"
                      id="rubrics"
                    >
                      <div
                        class="sc-caSCKo jzoaqr"
                      >
                        Presentation
                        <span
                          style="display: inline-block; direction: ltr;"
                        >
                          <span
                            style="cursor: inherit; display: inline-block; position: relative;"
                          >
                            <span>
                              <img
                                alt="Presentation"
                                src="star-hollow.png"
                              />
                            </span>
                            <span
                              style="display: inline-block; position: absolute; overflow: hidden; top: 0px; left: 0px; width: 0%;"
                            >
                              <img
                                alt="Presentation"
                                src="star-full.png"
                              />
                            </span>
                          </span>
                          <span
                            style="cursor: inherit; display: inline-block; position: relative;"
                          >
                            <span>
                              <img
                                alt="Presentation"
                                src="star-hollow.png"
                              />
                            </span>
                            <span
                              style="display: inline-block; position: absolute; overflow: hidden; top: 0px; left: 0px; width: 0%;"
                            >
                              <img
                                alt="Presentation"
                                src="star-full.png"
                              />
                            </span>
                          </span>
                          <span
                            style="cursor: inherit; display: inline-block; position: relative;"
                          >
                            <span>
                              <img
                                alt="Presentation"
                                src="star-hollow.png"
                              />
                            </span>
                            <span
                              style="display: inline-block; position: absolute; overflow: hidden; top: 0px; left: 0px; width: 0%;"
                            >
                              <img
                                alt="Presentation"
                                src="star-full.png"
                              />
                            </span>
                          </span>
                          <span
                            style="cursor: inherit; display: inline-block; position: relative;"
                          >
                            <span>
                              <img
                                alt="Presentation"
                                src="star-hollow.png"
                              />
                            </span>
                            <span
                              style="display: inline-block; position: absolute; overflow: hidden; top: 0px; left: 0px; width: 0%;"
                            >
                              <img
                                alt="Presentation"
                                src="star-full.png"
                              />
                            </span>
                          </span>
                          <span
                            style="cursor: inherit; display: inline-block; position: relative;"
                          >
                            <span>
                              <img
                                alt="Presentation"
                                src="star-hollow.png"
                              />
                            </span>
                            <span
                              style="display: inline-block; position: absolute; overflow: hidden; top: 0px; left: 0px; width: 0%;"
                            >
                              <img
                                alt="Presentation"
                                src="star-full.png"
                              />
                            </span>
                          </span>
                        </span>
                      </div>
                      <div
                        class="sc-caSCKo jzoaqr"
                      >
                        Product Fit
                        <span
                          style="display: inline-block; direction: ltr;"
                        >
                          <span
                            style="cursor: inherit; display: inline-block; position: relative;"
                          >
                            <span>
                              <img
                                alt="Product Fit"
                                src="star-hollow.png"
                              />
                            </span>
                            <span
                              style="display: inline-block; position: absolute; overflow: hidden; top: 0px; left: 0px; width: 0%;"
                            >
                              <img
                                alt="Product Fit"
                                src="star-full.png"
                              />
                            </span>
                          </span>
                          <span
                            style="cursor: inherit; display: inline-block; position: relative;"
                          >
                            <span>
                              <img
                                alt="Product Fit"
                                src="star-hollow.png"
                              />
                            </span>
                            <span
                              style="display: inline-block; position: absolute; overflow: hidden; top: 0px; left: 0px; width: 0%;"
                            >
                              <img
                                alt="Product Fit"
                                src="star-full.png"
                              />
                            </span>
                          </span>
                          <span
                            style="cursor: inherit; display: inline-block; position: relative;"
                          >
                            <span>
                              <img
                                alt="Product Fit"
                                src="star-hollow.png"
                              />
                            </span>
                            <span
                              style="display: inline-block; position: absolute; overflow: hidden; top: 0px; left: 0px; width: 0%;"
                            >
                              <img
                                alt="Product Fit"
                                src="star-full.png"
                              />
                            </span>
                          </span>
                          <span
                            style="cursor: inherit; display: inline-block; position: relative;"
                          >
                            <span>
                              <img
                                alt="Product Fit"
                                src="star-hollow.png"
                              />
                            </span>
                            <span
                              style="display: inline-block; position: absolute; overflow: hidden; top: 0px; left: 0px; width: 0%;"
                            >
                              <img
                                alt="Product Fit"
                                src="star-full.png"
                              />
                            </span>
                          </span>
                          <span
                            style="cursor: inherit; display: inline-block; position: relative;"
                          >
                            <span>
                              <img
                                alt="Product Fit"
                                src="star-hollow.png"
                              />
                            </span>
                            <span
                              style="display: inline-block; position: absolute; overflow: hidden; top: 0px; left: 0px; width: 0%;"
                            >
                              <img
                                alt="Product Fit"
                                src="star-full.png"
                              />
                            </span>
                          </span>
                        </span>
                      </div>
                      <div
                        class="sc-caSCKo jzoaqr"
                      >
                        Functionality
                        <span
                          style="display: inline-block; direction: ltr;"
                        >
                          <span
                            style="cursor: inherit; display: inline-block; position: relative;"
                          >
                            <span>
                              <img
                                alt="Functionality"
                                src="star-hollow.png"
                              />
                            </span>
                            <span
                              style="display: inline-block; position: absolute; overflow: hidden; top: 0px; left: 0px; width: 0%;"
                            >
                              <img
                                alt="Functionality"
                                src="star-full.png"
                              />
                            </span>
                          </span>
                          <span
                            style="cursor: inherit; display: inline-block; position: relative;"
                          >
                            <span>
                              <img
                                alt="Functionality"
                                src="star-hollow.png"
                              />
                            </span>
                            <span
                              style="display: inline-block; position: absolute; overflow: hidden; top: 0px; left: 0px; width: 0%;"
                            >
                              <img
                                alt="Functionality"
                                src="star-full.png"
                              />
                            </span>
                          </span>
                          <span
                            style="cursor: inherit; display: inline-block; position: relative;"
                          >
                            <span>
                              <img
                                alt="Functionality"
                                src="star-hollow.png"
                              />
                            </span>
                            <span
                              style="display: inline-block; position: absolute; overflow: hidden; top: 0px; left: 0px; width: 0%;"
                            >
                              <img
                                alt="Functionality"
                                src="star-full.png"
                              />
                            </span>
                          </span>
                          <span
                            style="cursor: inherit; display: inline-block; position: relative;"
                          >
                            <span>
                              <img
                                alt="Functionality"
                                src="star-hollow.png"
                              />
                            </span>
                            <span
                              style="display: inline-block; position: absolute; overflow: hidden; top: 0px; left: 0px; width: 0%;"
                            >
                              <img
                                alt="Functionality"
                                src="star-full.png"
                              />
                            </span>
                          </span>
                          <span
                            style="cursor: inherit; display: inline-block; position: relative;"
                          >
                            <span>
                              <img
                                alt="Functionality"
                                src="star-hollow.png"
                              />
                            </span>
                            <span
                              style="display: inline-block; position: absolute; overflow: hidden; top: 0px; left: 0px; width: 0%;"
                            >
                              <img
                                alt="Functionality"
                                src="star-full.png"
                              />
                            </span>
                          </span>
                        </span>
                      </div>
                      <div
                        class="sc-caSCKo jzoaqr"
                      >
                        Innovation
                        <span
                          style="display: inline-block; direction: ltr;"
                        >
                          <span
                            style="cursor: inherit; display: inline-block; position: relative;"
                          >
                            <span>
                              <img
                                alt="Innovation"
                                src="star-hollow.png"
                              />
                            </span>
                            <span
                              style="display: inline-block; position: absolute; overflow: hidden; top: 0px; left: 0px; width: 0%;"
                            >
                              <img
                                alt="Innovation"
                                src="star-full.png"
                              />
                            </span>
                          </span>
                          <span
                            style="cursor: inherit; display: inline-block; position: relative;"
                          >
                            <span>
                              <img
                                alt="Innovation"
                                src="star-hollow.png"
                              />
                            </span>
                            <span
                              style="display: inline-block; position: absolute; overflow: hidden; top: 0px; left: 0px; width: 0%;"
                            >
                              <img
                                alt="Innovation"
                                src="star-full.png"
                              />
                            </span>
                          </span>
                          <span
                            style="cursor: inherit; display: inline-block; position: relative;"
                          >
                            <span>
                              <img
                                alt="Innovation"
                                src="star-hollow.png"
                              />
                            </span>
                            <span
                              style="display: inline-block; position: absolute; overflow: hidden; top: 0px; left: 0px; width: 0%;"
                            >
                              <img
                                alt="Innovation"
                                src="star-full.png"
                              />
                            </span>
                          </span>
                          <span
                            style="cursor: inherit; display: inline-block; position: relative;"
                          >
                            <span>
                              <img
                                alt="Innovation"
                                src="star-hollow.png"
                              />
                            </span>
                            <span
                              style="display: inline-block; position: absolute; overflow: hidden; top: 0px; left: 0px; width: 0%;"
                            >
                              <img
                                alt="Innovation"
                                src="star-full.png"
                              />
                            </span>
                          </span>
                          <span
                            style="cursor: inherit; display: inline-block; position: relative;"
                          >
                            <span>
                              <img
                                alt="Innovation"
                                src="star-hollow.png"
                              />
                            </span>
                            <span
                              style="display: inline-block; position: absolute; overflow: hidden; top: 0px; left: 0px; width: 0%;"
                            >
                              <img
                                alt="Innovation"
                                src="star-full.png"
                              />
                            </span>
                          </span>
                        </span>
                      </div>
                      <div
                        class="sc-caSCKo jzoaqr"
                      >
                        Product Design
                        <span
                          style="display: inline-block; direction: ltr;"
                        >
                          <span
                            style="cursor: inherit; display: inline-block; position: relative;"
                          >
                            <span>
                              <img
                                alt="Product Design"
                                src="star-hollow.png"
                              />
                            </span>
                            <span
                              style="display: inline-block; position: absolute; overflow: hidden; top: 0px; left: 0px; width: 0%;"
                            >
                              <img
                                alt="Product Design"
                                src="star-full.png"
                              />
                            </span>
                          </span>
                          <span
                            style="cursor: inherit; display: inline-block; position: relative;"
                          >
                            <span>
                              <img
                                alt="Product Design"
                                src="star-hollow.png"
                              />
                            </span>
                            <span
                              style="display: inline-block; position: absolute; overflow: hidden; top: 0px; left: 0px; width: 0%;"
                            >
                              <img
                                alt="Product Design"
                                src="star-full.png"
                              />
                            </span>
                          </span>
                          <span
                            style="cursor: inherit; display: inline-block; position: relative;"
                          >
                            <span>
                              <img
                                alt="Product Design"
                                src="star-hollow.png"
                              />
                            </span>
                            <span
                              style="display: inline-block; position: absolute; overflow: hidden; top: 0px; left: 0px; width: 0%;"
                            >
                              <img
                                alt="Product Design"
                                src="star-full.png"
                              />
                            </span>
                          </span>
                          <span
                            style="cursor: inherit; display: inline-block; position: relative;"
                          >
                            <span>
                              <img
                                alt="Product Design"
                                src="star-hollow.png"
                              />
                            </span>
                            <span
                              style="display: inline-block; position: absolute; overflow: hidden; top: 0px; left: 0px; width: 0%;"
                            >
                              <img
                                alt="Product Design"
                                src="star-full.png"
                              />
                            </span>
                          </span>
                          <span
                            style="cursor: inherit; display: inline-block; position: relative;"
                          >
                            <span>
                              <img
                                alt="Product Design"
                                src="star-hollow.png"
                              />
                            </span>
                            <span
                              style="display: inline-block; position: absolute; overflow: hidden; top: 0px; left: 0px; width: 0%;"
                            >
                              <img
                                alt="Product Design"
                                src="star-full.png"
                              />
                            </span>
                          </span>
                        </span>
                      </div>
                      <div
                        class="sc-caSCKo jzoaqr"
                      >
                        Extensibility
                        <span
                          style="display: inline-block; direction: ltr;"
                        >
                          <span
                            style="cursor: inherit; display: inline-block; position: relative;"
                          >
                            <span>
                              <img
                                alt="Extensibility"
                                src="star-hollow.png"
                              />
                            </span>
                            <span
                              style="display: inline-block; position: absolute; overflow: hidden; top: 0px; left: 0px; width: 0%;"
                            >
                              <img
                                alt="Extensibility"
                                src="star-full.png"
                              />
                            </span>
                          </span>
                          <span
                            style="cursor: inherit; display: inline-block; position: relative;"
                          >
                            <span>
                              <img
                                alt="Extensibility"
                                src="star-hollow.png"
                              />
                            </span>
                            <span
                              style="display: inline-block; position: absolute; overflow: hidden; top: 0px; left: 0px; width: 0%;"
                            >
                              <img
                                alt="Extensibility"
                                src="star-full.png"
                              />
                            </span>
                          </span>
                          <span
                            style="cursor: inherit; display: inline-block; position: relative;"
                          >
                            <span>
                              <img
                                alt="Extensibility"
                                src="star-hollow.png"
                              />
                            </span>
                            <span
                              style="display: inline-block; position: absolute; overflow: hidden; top: 0px; left: 0px; width: 0%;"
                            >
                              <img
                                alt="Extensibility"
                                src="star-full.png"
                              />
                            </span>
                          </span>
                          <span
                            style="cursor: inherit; display: inline-block; position: relative;"
                          >
                            <span>
                              <img
                                alt="Extensibility"
                                src="star-hollow.png"
                              />
                            </span>
                            <span
                              style="display: inline-block; position: absolute; overflow: hidden; top: 0px; left: 0px; width: 0%;"
                            >
                              <img
                                alt="Extensibility"
                                src="star-full.png"
                              />
                            </span>
                          </span>
                          <span
                            style="cursor: inherit; display: inline-block; position: relative;"
                          >
                            <span>
                              <img
                                alt="Extensibility"
                                src="star-hollow.png"
                              />
                            </span>
                            <span
                              style="display: inline-block; position: absolute; overflow: hidden; top: 0px; left: 0px; width: 0%;"
                            >
                              <img
                                alt="Extensibility"
                                src="star-full.png"
                              />
                            </span>
                          </span>
                        </span>
                      </div>
                    </div>
                    <label
                      class="sc-jAaTju fTLCWG"
                      for="feedback"
                    >
                      Feedback
                    </label>
                    <p
                      class="sc-jzJRlG eWJCf"
                    >
                      No comments on this project
                    </p>
                  </div>
                </div>
                <div
                  class="sc-cHGsZl iQwIeC"
                >
                  <a
                    class="sc-eNQAEJ cEtlkd"
                    color="grey"
                    href="/dashboard/event/1/projects"
                  >
                    Back to projects
                  </a>
                </div>
              </div>
            </div>
          </div>
        </div>
        <div
          class="sc-htoDjs kiXwGm"
        >
          <div
            class="sc-dnqmqq dBtDWt"
          >
            <div>
              <img
                alt="LinkedIn"
                class="sc-iwsKbI hPLzwN"
                src="Icon-linkedin.png"
              />
              <img
                alt="Twitter"
                class="sc-iwsKbI hPLzwN"
                src="Icon-twitter.png"
              />
              <img
                alt="Facebook"
                class="sc-iwsKbI hPLzwN"
                src="Icon-facebook.png"
              />
            </div>
            <div>
              <a
                class="sc-VigVT sc-fjdhpX eRdrck"
                href="https://hackton.co/#team"
              >
                Team
              </a>
              <a
                class="sc-VigVT sc-fjdhpX eRdrck"
                href="#"
              >
                Privacy
              </a>
              <a
                class="sc-VigVT sc-fjdhpX eRdrck"
                href="#"
              >
                Contacts
              </a>
            </div>
            <div>
              <p
                class="sc-jzJRlG sc-cSHVUG iodlNy"
              >
                International Crafters © 2020
              </p>
            </div>
          </div>
        </div>
      </div>
    </div>
  </body>,
  "container": <div>
    <div>
      <div
        class="sc-bdVaJa gOhKpA"
      >
        <div
          class="sc-bwzfXH fFUqyI"
        >
          <a
            href="/dashboard"
          >
            <img
              alt="Hackton - Organise hackathons"
              class="sc-htpNat Tzmao"
              src="Hackton-logo.png"
            />
          </a>
          <div
            class="sc-kgAjT jIKiCc"
          >
            <div
              class="sc-ifAKCX kdrsqy"
            >
              <span>
                <svg>
                  link-burger-icon.svg
                </svg>
                Menu
              </span>
              <ul>
                <li>
                  <a
                    class="sc-EHOje hzuIpJ"
                    href="/dashboard"
                  >
                    Dashboard
                  </a>
                </li>
                <li>
                  <a
                    class="sc-EHOje hzuIpJ"
                    href="/dashboard/profile"
                  >
                    Profile
                  </a>
                </li>
              </ul>
            </div>
            <div
              class="sc-bZQynM jmEhMx"
            >
              8
              <ul
                class="sc-gzVnrw jDXfTH"
              >
                <li>
                  <a
                    href="/dashboard/profile/edit"
                  >
                    Settings
                  </a>
                </li>
                <li>
                  <span>
                    LogOut
                  </span>
                </li>
              </ul>
            </div>
          </div>
        </div>
      </div>
      <div
        class="sc-eHgmQL bjfMmQ"
      >
        <div
          class="sc-bxivhb gaIiMZ"
        >
          <a
            class="sc-EHOje hzuIpJ"
            href="/dashboard"
          >
            <svg>
              link-dashboard-icon.svg
            </svg>
            Dashboard
          </a>
          <a
            class="sc-EHOje hzuIpJ"
            href="/dashboard/profile"
          >
            <svg>
              link-profile-icon.svg
            </svg>
            Profile
          </a>
        </div>
        <div
          class="sc-cvbbAY iPOLWR sc-jlyJG cZXMfX"
        >
          <div
            class="sc-brqgnP fmVBbM"
          >
            <h3
              class="sc-kpOJdX idJNmT"
            >
              Submitted project for 
              <strong
                class="sc-Rmtcm jVkHAT"
              >
                "
                EuroHack
                "
              </strong>
            </h3>
          </div>
          <div
            class="sc-cMljjf bwzsDm"
          >
            <div
              class="sc-jDwBTQ sc-gPEVay sc-gipzik jKBHOi"
            >
              <div
                class="sc-eqIVtm hOZvYG"
              >
                <div
                  class="sc-fMiknA loVlFO"
                >
                  <h3
                    class="sc-kpOJdX idJNmT"
                  />
                </div>
                <label
                  class="sc-jAaTju fTLCWG"
                  for="project_writeup"
                >
                  Project writeup
                </label>
                <div
                  class="sc-dVhcbM oAYXy"
                  id="project_writeup"
                >
                  <p
                    class="sc-jzJRlG eWJCf"
                  />
                </div>
                <div
                  class="sc-kjoXOD dievKS"
                >
                  <label
                    class="sc-jAaTju fTLCWG"
                    for="rubrics"
                  />
                  <div
                    class="sc-fAjcbJ iGYLhA"
                    id="rubrics"
                  >
                    <div
                      class="sc-caSCKo jzoaqr"
                    >
                      Presentation
                      <span
                        style="display: inline-block; direction: ltr;"
                      >
                        <span
                          style="cursor: inherit; display: inline-block; position: relative;"
                        >
                          <span>
                            <img
                              alt="Presentation"
                              src="star-hollow.png"
                            />
                          </span>
                          <span
                            style="display: inline-block; position: absolute; overflow: hidden; top: 0px; left: 0px; width: 0%;"
                          >
                            <img
                              alt="Presentation"
                              src="star-full.png"
                            />
                          </span>
                        </span>
                        <span
                          style="cursor: inherit; display: inline-block; position: relative;"
                        >
                          <span>
                            <img
                              alt="Presentation"
                              src="star-hollow.png"
                            />
                          </span>
                          <span
                            style="display: inline-block; position: absolute; overflow: hidden; top: 0px; left: 0px; width: 0%;"
                          >
                            <img
                              alt="Presentation"
                              src="star-full.png"
                            />
                          </span>
                        </span>
                        <span
                          style="cursor: inherit; display: inline-block; position: relative;"
                        >
                          <span>
                            <img
                              alt="Presentation"
                              src="star-hollow.png"
                            />
                          </span>
                          <span
                            style="display: inline-block; position: absolute; overflow: hidden; top: 0px; left: 0px; width: 0%;"
                          >
                            <img
                              alt="Presentation"
                              src="star-full.png"
                            />
                          </span>
                        </span>
                        <span
                          style="cursor: inherit; display: inline-block; position: relative;"
                        >
                          <span>
                            <img
                              alt="Presentation"
                              src="star-hollow.png"
                            />
                          </span>
                          <span
                            style="display: inline-block; position: absolute; overflow: hidden; top: 0px; left: 0px; width: 0%;"
                          >
                            <img
                              alt="Presentation"
                              src="star-full.png"
                            />
                          </span>
                        </span>
                        <span
                          style="cursor: inherit; display: inline-block; position: relative;"
                        >
                          <span>
                            <img
                              alt="Presentation"
                              src="star-hollow.png"
                            />
                          </span>
                          <span
                            style="display: inline-block; position: absolute; overflow: hidden; top: 0px; left: 0px; width: 0%;"
                          >
                            <img
                              alt="Presentation"
                              src="star-full.png"
                            />
                          </span>
                        </span>
                      </span>
                    </div>
                    <div
                      class="sc-caSCKo jzoaqr"
                    >
                      Product Fit
                      <span
                        style="display: inline-block; direction: ltr;"
                      >
                        <span
                          style="cursor: inherit; display: inline-block; position: relative;"
                        >
                          <span>
                            <img
                              alt="Product Fit"
                              src="star-hollow.png"
                            />
                          </span>
                          <span
                            style="display: inline-block; position: absolute; overflow: hidden; top: 0px; left: 0px; width: 0%;"
                          >
                            <img
                              alt="Product Fit"
                              src="star-full.png"
                            />
                          </span>
                        </span>
                        <span
                          style="cursor: inherit; display: inline-block; position: relative;"
                        >
                          <span>
                            <img
                              alt="Product Fit"
                              src="star-hollow.png"
                            />
                          </span>
                          <span
                            style="display: inline-block; position: absolute; overflow: hidden; top: 0px; left: 0px; width: 0%;"
                          >
                            <img
                              alt="Product Fit"
                              src="star-full.png"
                            />
                          </span>
                        </span>
                        <span
                          style="cursor: inherit; display: inline-block; position: relative;"
                        >
                          <span>
                            <img
                              alt="Product Fit"
                              src="star-hollow.png"
                            />
                          </span>
                          <span
                            style="display: inline-block; position: absolute; overflow: hidden; top: 0px; left: 0px; width: 0%;"
                          >
                            <img
                              alt="Product Fit"
                              src="star-full.png"
                            />
                          </span>
                        </span>
                        <span
                          style="cursor: inherit; display: inline-block; position: relative;"
                        >
                          <span>
                            <img
                              alt="Product Fit"
                              src="star-hollow.png"
                            />
                          </span>
                          <span
                            style="display: inline-block; position: absolute; overflow: hidden; top: 0px; left: 0px; width: 0%;"
                          >
                            <img
                              alt="Product Fit"
                              src="star-full.png"
                            />
                          </span>
                        </span>
                        <span
                          style="cursor: inherit; display: inline-block; position: relative;"
                        >
                          <span>
                            <img
                              alt="Product Fit"
                              src="star-hollow.png"
                            />
                          </span>
                          <span
                            style="display: inline-block; position: absolute; overflow: hidden; top: 0px; left: 0px; width: 0%;"
                          >
                            <img
                              alt="Product Fit"
                              src="star-full.png"
                            />
                          </span>
                        </span>
                      </span>
                    </div>
                    <div
                      class="sc-caSCKo jzoaqr"
                    >
                      Functionality
                      <span
                        style="display: inline-block; direction: ltr;"
                      >
                        <span
                          style="cursor: inherit; display: inline-block; position: relative;"
                        >
                          <span>
                            <img
                              alt="Functionality"
                              src="star-hollow.png"
                            />
                          </span>
                          <span
                            style="display: inline-block; position: absolute; overflow: hidden; top: 0px; left: 0px; width: 0%;"
                          >
                            <img
                              alt="Functionality"
                              src="star-full.png"
                            />
                          </span>
                        </span>
                        <span
                          style="cursor: inherit; display: inline-block; position: relative;"
                        >
                          <span>
                            <img
                              alt="Functionality"
                              src="star-hollow.png"
                            />
                          </span>
                          <span
                            style="display: inline-block; position: absolute; overflow: hidden; top: 0px; left: 0px; width: 0%;"
                          >
                            <img
                              alt="Functionality"
                              src="star-full.png"
                            />
                          </span>
                        </span>
                        <span
                          style="cursor: inherit; display: inline-block; position: relative;"
                        >
                          <span>
                            <img
                              alt="Functionality"
                              src="star-hollow.png"
                            />
                          </span>
                          <span
                            style="display: inline-block; position: absolute; overflow: hidden; top: 0px; left: 0px; width: 0%;"
                          >
                            <img
                              alt="Functionality"
                              src="star-full.png"
                            />
                          </span>
                        </span>
                        <span
                          style="cursor: inherit; display: inline-block; position: relative;"
                        >
                          <span>
                            <img
                              alt="Functionality"
                              src="star-hollow.png"
                            />
                          </span>
                          <span
                            style="display: inline-block; position: absolute; overflow: hidden; top: 0px; left: 0px; width: 0%;"
                          >
                            <img
                              alt="Functionality"
                              src="star-full.png"
                            />
                          </span>
                        </span>
                        <span
                          style="cursor: inherit; display: inline-block; position: relative;"
                        >
                          <span>
                            <img
                              alt="Functionality"
                              src="star-hollow.png"
                            />
                          </span>
                          <span
                            style="display: inline-block; position: absolute; overflow: hidden; top: 0px; left: 0px; width: 0%;"
                          >
                            <img
                              alt="Functionality"
                              src="star-full.png"
                            />
                          </span>
                        </span>
                      </span>
                    </div>
                    <div
                      class="sc-caSCKo jzoaqr"
                    >
                      Innovation
                      <span
                        style="display: inline-block; direction: ltr;"
                      >
                        <span
                          style="cursor: inherit; display: inline-block; position: relative;"
                        >
                          <span>
                            <img
                              alt="Innovation"
                              src="star-hollow.png"
                            />
                          </span>
                          <span
                            style="display: inline-block; position: absolute; overflow: hidden; top: 0px; left: 0px; width: 0%;"
                          >
                            <img
                              alt="Innovation"
                              src="star-full.png"
                            />
                          </span>
                        </span>
                        <span
                          style="cursor: inherit; display: inline-block; position: relative;"
                        >
                          <span>
                            <img
                              alt="Innovation"
                              src="star-hollow.png"
                            />
                          </span>
                          <span
                            style="display: inline-block; position: absolute; overflow: hidden; top: 0px; left: 0px; width: 0%;"
                          >
                            <img
                              alt="Innovation"
                              src="star-full.png"
                            />
                          </span>
                        </span>
                        <span
                          style="cursor: inherit; display: inline-block; position: relative;"
                        >
                          <span>
                            <img
                              alt="Innovation"
                              src="star-hollow.png"
                            />
                          </span>
                          <span
                            style="display: inline-block; position: absolute; overflow: hidden; top: 0px; left: 0px; width: 0%;"
                          >
                            <img
                              alt="Innovation"
                              src="star-full.png"
                            />
                          </span>
                        </span>
                        <span
                          style="cursor: inherit; display: inline-block; position: relative;"
                        >
                          <span>
                            <img
                              alt="Innovation"
                              src="star-hollow.png"
                            />
                          </span>
                          <span
                            style="display: inline-block; position: absolute; overflow: hidden; top: 0px; left: 0px; width: 0%;"
                          >
                            <img
                              alt="Innovation"
                              src="star-full.png"
                            />
                          </span>
                        </span>
                        <span
                          style="cursor: inherit; display: inline-block; position: relative;"
                        >
                          <span>
                            <img
                              alt="Innovation"
                              src="star-hollow.png"
                            />
                          </span>
                          <span
                            style="display: inline-block; position: absolute; overflow: hidden; top: 0px; left: 0px; width: 0%;"
                          >
                            <img
                              alt="Innovation"
                              src="star-full.png"
                            />
                          </span>
                        </span>
                      </span>
                    </div>
                    <div
                      class="sc-caSCKo jzoaqr"
                    >
                      Product Design
                      <span
                        style="display: inline-block; direction: ltr;"
                      >
                        <span
                          style="cursor: inherit; display: inline-block; position: relative;"
                        >
                          <span>
                            <img
                              alt="Product Design"
                              src="star-hollow.png"
                            />
                          </span>
                          <span
                            style="display: inline-block; position: absolute; overflow: hidden; top: 0px; left: 0px; width: 0%;"
                          >
                            <img
                              alt="Product Design"
                              src="star-full.png"
                            />
                          </span>
                        </span>
                        <span
                          style="cursor: inherit; display: inline-block; position: relative;"
                        >
                          <span>
                            <img
                              alt="Product Design"
                              src="star-hollow.png"
                            />
                          </span>
                          <span
                            style="display: inline-block; position: absolute; overflow: hidden; top: 0px; left: 0px; width: 0%;"
                          >
                            <img
                              alt="Product Design"
                              src="star-full.png"
                            />
                          </span>
                        </span>
                        <span
                          style="cursor: inherit; display: inline-block; position: relative;"
                        >
                          <span>
                            <img
                              alt="Product Design"
                              src="star-hollow.png"
                            />
                          </span>
                          <span
                            style="display: inline-block; position: absolute; overflow: hidden; top: 0px; left: 0px; width: 0%;"
                          >
                            <img
                              alt="Product Design"
                              src="star-full.png"
                            />
                          </span>
                        </span>
                        <span
                          style="cursor: inherit; display: inline-block; position: relative;"
                        >
                          <span>
                            <img
                              alt="Product Design"
                              src="star-hollow.png"
                            />
                          </span>
                          <span
                            style="display: inline-block; position: absolute; overflow: hidden; top: 0px; left: 0px; width: 0%;"
                          >
                            <img
                              alt="Product Design"
                              src="star-full.png"
                            />
                          </span>
                        </span>
                        <span
                          style="cursor: inherit; display: inline-block; position: relative;"
                        >
                          <span>
                            <img
                              alt="Product Design"
                              src="star-hollow.png"
                            />
                          </span>
                          <span
                            style="display: inline-block; position: absolute; overflow: hidden; top: 0px; left: 0px; width: 0%;"
                          >
                            <img
                              alt="Product Design"
                              src="star-full.png"
                            />
                          </span>
                        </span>
                      </span>
                    </div>
                    <div
                      class="sc-caSCKo jzoaqr"
                    >
                      Extensibility
                      <span
                        style="display: inline-block; direction: ltr;"
                      >
                        <span
                          style="cursor: inherit; display: inline-block; position: relative;"
                        >
                          <span>
                            <img
                              alt="Extensibility"
                              src="star-hollow.png"
                            />
                          </span>
                          <span
                            style="display: inline-block; position: absolute; overflow: hidden; top: 0px; left: 0px; width: 0%;"
                          >
                            <img
                              alt="Extensibility"
                              src="star-full.png"
                            />
                          </span>
                        </span>
                        <span
                          style="cursor: inherit; display: inline-block; position: relative;"
                        >
                          <span>
                            <img
                              alt="Extensibility"
                              src="star-hollow.png"
                            />
                          </span>
                          <span
                            style="display: inline-block; position: absolute; overflow: hidden; top: 0px; left: 0px; width: 0%;"
                          >
                            <img
                              alt="Extensibility"
                              src="star-full.png"
                            />
                          </span>
                        </span>
                        <span
                          style="cursor: inherit; display: inline-block; position: relative;"
                        >
                          <span>
                            <img
                              alt="Extensibility"
                              src="star-hollow.png"
                            />
                          </span>
                          <span
                            style="display: inline-block; position: absolute; overflow: hidden; top: 0px; left: 0px; width: 0%;"
                          >
                            <img
                              alt="Extensibility"
                              src="star-full.png"
                            />
                          </span>
                        </span>
                        <span
                          style="cursor: inherit; display: inline-block; position: relative;"
                        >
                          <span>
                            <img
                              alt="Extensibility"
                              src="star-hollow.png"
                            />
                          </span>
                          <span
                            style="display: inline-block; position: absolute; overflow: hidden; top: 0px; left: 0px; width: 0%;"
                          >
                            <img
                              alt="Extensibility"
                              src="star-full.png"
                            />
                          </span>
                        </span>
                        <span
                          style="cursor: inherit; display: inline-block; position: relative;"
                        >
                          <span>
                            <img
                              alt="Extensibility"
                              src="star-hollow.png"
                            />
                          </span>
                          <span
                            style="display: inline-block; position: absolute; overflow: hidden; top: 0px; left: 0px; width: 0%;"
                          >
                            <img
                              alt="Extensibility"
                              src="star-full.png"
                            />
                          </span>
                        </span>
                      </span>
                    </div>
                  </div>
                  <label
                    class="sc-jAaTju fTLCWG"
                    for="feedback"
                  >
                    Feedback
                  </label>
                  <p
                    class="sc-jzJRlG eWJCf"
                  >
                    No comments on this project
                  </p>
                </div>
              </div>
              <div
                class="sc-cHGsZl iQwIeC"
              >
                <a
                  class="sc-eNQAEJ cEtlkd"
                  color="grey"
                  href="/dashboard/event/1/projects"
                >
                  Back to projects
                </a>
              </div>
            </div>
          </div>
        </div>
      </div>
      <div
        class="sc-htoDjs kiXwGm"
      >
        <div
          class="sc-dnqmqq dBtDWt"
        >
          <div>
            <img
              alt="LinkedIn"
              class="sc-iwsKbI hPLzwN"
              src="Icon-linkedin.png"
            />
            <img
              alt="Twitter"
              class="sc-iwsKbI hPLzwN"
              src="Icon-twitter.png"
            />
            <img
              alt="Facebook"
              class="sc-iwsKbI hPLzwN"
              src="Icon-facebook.png"
            />
          </div>
          <div>
            <a
              class="sc-VigVT sc-fjdhpX eRdrck"
              href="https://hackton.co/#team"
            >
              Team
            </a>
            <a
              class="sc-VigVT sc-fjdhpX eRdrck"
              href="#"
            >
              Privacy
            </a>
            <a
              class="sc-VigVT sc-fjdhpX eRdrck"
              href="#"
            >
              Contacts
            </a>
          </div>
          <div>
            <p
              class="sc-jzJRlG sc-cSHVUG iodlNy"
            >
              International Crafters © 2020
            </p>
          </div>
        </div>
      </div>
    </div>
  </div>,
  "debug": [Function],
  "findAllByAltText": [Function],
  "findAllByDisplayValue": [Function],
  "findAllByLabelText": [Function],
  "findAllByPlaceholderText": [Function],
  "findAllByRole": [Function],
  "findAllByTestId": [Function],
  "findAllByText": [Function],
  "findAllByTitle": [Function],
  "findByAltText": [Function],
  "findByDisplayValue": [Function],
  "findByLabelText": [Function],
  "findByPlaceholderText": [Function],
  "findByRole": [Function],
  "findByTestId": [Function],
  "findByText": [Function],
  "findByTitle": [Function],
  "getAllByAltText": [Function],
  "getAllByDisplayValue": [Function],
  "getAllByLabelText": [Function],
  "getAllByPlaceholderText": [Function],
  "getAllByRole": [Function],
  "getAllByTestId": [Function],
  "getAllByText": [Function],
  "getAllByTitle": [Function],
  "getByAltText": [Function],
  "getByDisplayValue": [Function],
  "getByLabelText": [Function],
  "getByPlaceholderText": [Function],
  "getByRole": [Function],
  "getByTestId": [Function],
  "getByText": [Function],
  "getByTitle": [Function],
  "queryAllByAltText": [Function],
  "queryAllByDisplayValue": [Function],
  "queryAllByLabelText": [Function],
  "queryAllByPlaceholderText": [Function],
  "queryAllByRole": [Function],
  "queryAllByTestId": [Function],
  "queryAllByText": [Function],
  "queryAllByTitle": [Function],
  "queryByAltText": [Function],
  "queryByDisplayValue": [Function],
  "queryByLabelText": [Function],
  "queryByPlaceholderText": [Function],
  "queryByRole": [Function],
  "queryByTestId": [Function],
  "queryByText": [Function],
  "queryByTitle": [Function],
  "rerender": [Function],
  "unmount": [Function],
}
`;
