// Jest Snapshot v1, https://goo.gl/fbAQLP

exports[`TeamView.js renders the component correctly 1`] = `
Object {
  "asFragment": [Function],
  "baseElement": <body>
    <div>
      <div
        class="sc-bdVaJa sc-gzVnrw jsdcNx"
      >
        <div
          class="sc-dnqmqq gJREBr"
        >
          T
        </div>
        <span
          class="sc-htpNat sc-bxivhb sc-htoDjs jDqnfJ"
        >
          Your Team
        </span>
        <span
          class="sc-htpNat sc-bxivhb sc-htoDjs jDqnfJ"
        >
          Team Name:
          <span
            class="sc-htpNat sc-bxivhb sc-iwsKbI ldiivw"
          >
            The A team
          </span>
        </span>
        <span
          class="sc-htpNat sc-bxivhb sc-htoDjs jDqnfJ"
        >
          Team Members:
        </span>
        <span
          class="sc-htpNat sc-bxivhb sc-htoDjs jDqnfJ"
        >
          This team has no members
        </span>
        <span
          class="sc-htpNat sc-bxivhb sc-htoDjs jDqnfJ"
        >
          Hackathon Name:
          <span
            class="sc-htpNat sc-bxivhb sc-iwsKbI ldiivw"
          >
            EuroHack
          </span>
        </span>
        <div
          class="sc-fjdhpX boYCYK"
        >
          <button
            class="sc-jzJRlG gJwZNx"
            color="grey"
          >
            Back to event
          </button>
          <button
            class="sc-jzJRlG gttjqc"
            color="green"
          >
            Add Teammate
          </button>
        </div>
      </div>
    </div>
  </body>,
  "container": <div>
    <div
      class="sc-bdVaJa sc-gzVnrw jsdcNx"
    >
      <div
        class="sc-dnqmqq gJREBr"
      >
        T
      </div>
      <span
        class="sc-htpNat sc-bxivhb sc-htoDjs jDqnfJ"
      >
        Your Team
      </span>
      <span
        class="sc-htpNat sc-bxivhb sc-htoDjs jDqnfJ"
      >
        Team Name:
        <span
          class="sc-htpNat sc-bxivhb sc-iwsKbI ldiivw"
        >
          The A team
        </span>
      </span>
      <span
        class="sc-htpNat sc-bxivhb sc-htoDjs jDqnfJ"
      >
        Team Members:
      </span>
      <span
        class="sc-htpNat sc-bxivhb sc-htoDjs jDqnfJ"
      >
        This team has no members
      </span>
      <span
        class="sc-htpNat sc-bxivhb sc-htoDjs jDqnfJ"
      >
        Hackathon Name:
        <span
          class="sc-htpNat sc-bxivhb sc-iwsKbI ldiivw"
        >
          EuroHack
        </span>
      </span>
      <div
        class="sc-fjdhpX boYCYK"
      >
        <button
          class="sc-jzJRlG gJwZNx"
          color="grey"
        >
          Back to event
        </button>
        <button
          class="sc-jzJRlG gttjqc"
          color="green"
        >
          Add Teammate
        </button>
      </div>
    </div>
  </div>,
  "debug": [Function],
  "findAllByAltText": [Function],
  "findAllByDisplayValue": [Function],
  "findAllByLabelText": [Function],
  "findAllByPlaceholderText": [Function],
  "findAllByRole": [Function],
  "findAllByTestId": [Function],
  "findAllByText": [Function],
  "findAllByTitle": [Function],
  "findByAltText": [Function],
  "findByDisplayValue": [Function],
  "findByLabelText": [Function],
  "findByPlaceholderText": [Function],
  "findByRole": [Function],
  "findByTestId": [Function],
  "findByText": [Function],
  "findByTitle": [Function],
  "getAllByAltText": [Function],
  "getAllByDisplayValue": [Function],
  "getAllByLabelText": [Function],
  "getAllByPlaceholderText": [Function],
  "getAllByRole": [Function],
  "getAllByTestId": [Function],
  "getAllByText": [Function],
  "getAllByTitle": [Function],
  "getByAltText": [Function],
  "getByDisplayValue": [Function],
  "getByLabelText": [Function],
  "getByPlaceholderText": [Function],
  "getByRole": [Function],
  "getByTestId": [Function],
  "getByText": [Function],
  "getByTitle": [Function],
  "queryAllByAltText": [Function],
  "queryAllByDisplayValue": [Function],
  "queryAllByLabelText": [Function],
  "queryAllByPlaceholderText": [Function],
  "queryAllByRole": [Function],
  "queryAllByTestId": [Function],
  "queryAllByText": [Function],
  "queryAllByTitle": [Function],
  "queryByAltText": [Function],
  "queryByDisplayValue": [Function],
  "queryByLabelText": [Function],
  "queryByPlaceholderText": [Function],
  "queryByRole": [Function],
  "queryByTestId": [Function],
  "queryByText": [Function],
  "queryByTitle": [Function],
  "rerender": [Function],
  "unmount": [Function],
}
`;
