// Jest Snapshot v1, https://goo.gl/fbAQLP

exports[`Asserts that the text nodes on HackathonProjectPage.js render properly  asserts that the component renders properly 1`] = `
Object {
  "asFragment": [Function],
  "baseElement": <body>
    <div>
      <div>
        <div
          class="sc-bdVaJa dErNmg"
        >
          <a
            class="sc-htoDjs jssEWI"
            href="/"
          >
            <img
              alt="Hackton - Organise hackathons"
              class="sc-bwzfXH fWCffE"
              src="Hackton-logo.png"
            />
          </a>
          <div
            class="sc-gzVnrw itepUc"
          >
            <div
              class="sc-EHOje bOqsil"
            >
              <button
                class="sc-htpNat maCfY sc-bZQynM ignRaC"
                color="grey"
                data-testid="label"
              >
                Log Out
              </button>
            </div>
          </div>
        </div>
        <div
          class="sc-bRBYWo hyNudz"
        >
          <div
            class="sc-hzDkRC csxNDz sc-hmzhuo dRNSrA"
          >
            <div
              class="sc-fMiknA fZGKtL"
            >
              <h3
                class="sc-kAzzGY eOJFvg"
              >
                Submitted project for 
                <strong
                  class="sc-hqyNC jKgWbp"
                >
                  "
                  EuroHack
                  "
                </strong>
              </h3>
            </div>
            <div
              class="sc-eqIVtm cafaYE"
            >
              <div
                class="sc-caSCKo sc-gisBJw sc-frDJqD cBehyO"
              >
                <div
                  class="sc-btzYZH sstDd"
                >
                  <div
                    class="sc-cmTdod eTGBoa"
                  >
                    <h3
                      class="sc-kAzzGY eOJFvg"
                    />
                  </div>
                  <label
                    class="sc-cMljjf bFdBto"
                    for="project_writeup"
                  >
                    Project writeup
                  </label>
                  <div
                    class="sc-jwKygS kwrrTy"
                    id="project_writeup"
                  >
                    <p
                      class="sc-ckVGcZ knXWAI"
                    />
                  </div>
                  <div
                    class="sc-jtRfpW jJRdfC"
                  >
                    <label
                      class="sc-cMljjf bFdBto"
                      for="rubrics"
                    />
                    <div
                      class="sc-lhVmIH esNEav"
                      id="rubrics"
                    >
                      <div
                        class="sc-bYSBpT gQCjDJ"
                      >
                        Presentation
                        <span
                          style="display: inline-block; direction: ltr;"
                        >
                          <span
                            style="cursor: inherit; display: inline-block; position: relative;"
                          >
                            <span>
                              <img
                                alt="Presentation"
                                src="star-hollow.png"
                              />
                            </span>
                            <span
                              style="display: inline-block; position: absolute; overflow: hidden; top: 0px; left: 0px; width: 0%;"
                            >
                              <img
                                alt="Presentation"
                                src="star-full.png"
                              />
                            </span>
                          </span>
                          <span
                            style="cursor: inherit; display: inline-block; position: relative;"
                          >
                            <span>
                              <img
                                alt="Presentation"
                                src="star-hollow.png"
                              />
                            </span>
                            <span
                              style="display: inline-block; position: absolute; overflow: hidden; top: 0px; left: 0px; width: 0%;"
                            >
                              <img
                                alt="Presentation"
                                src="star-full.png"
                              />
                            </span>
                          </span>
                          <span
                            style="cursor: inherit; display: inline-block; position: relative;"
                          >
                            <span>
                              <img
                                alt="Presentation"
                                src="star-hollow.png"
                              />
                            </span>
                            <span
                              style="display: inline-block; position: absolute; overflow: hidden; top: 0px; left: 0px; width: 0%;"
                            >
                              <img
                                alt="Presentation"
                                src="star-full.png"
                              />
                            </span>
                          </span>
                          <span
                            style="cursor: inherit; display: inline-block; position: relative;"
                          >
                            <span>
                              <img
                                alt="Presentation"
                                src="star-hollow.png"
                              />
                            </span>
                            <span
                              style="display: inline-block; position: absolute; overflow: hidden; top: 0px; left: 0px; width: 0%;"
                            >
                              <img
                                alt="Presentation"
                                src="star-full.png"
                              />
                            </span>
                          </span>
                          <span
                            style="cursor: inherit; display: inline-block; position: relative;"
                          >
                            <span>
                              <img
                                alt="Presentation"
                                src="star-hollow.png"
                              />
                            </span>
                            <span
                              style="display: inline-block; position: absolute; overflow: hidden; top: 0px; left: 0px; width: 0%;"
                            >
                              <img
                                alt="Presentation"
                                src="star-full.png"
                              />
                            </span>
                          </span>
                        </span>
                      </div>
                      <div
                        class="sc-bYSBpT gQCjDJ"
                      >
                        Product Fit
                        <span
                          style="display: inline-block; direction: ltr;"
                        >
                          <span
                            style="cursor: inherit; display: inline-block; position: relative;"
                          >
                            <span>
                              <img
                                alt="Product Fit"
                                src="star-hollow.png"
                              />
                            </span>
                            <span
                              style="display: inline-block; position: absolute; overflow: hidden; top: 0px; left: 0px; width: 0%;"
                            >
                              <img
                                alt="Product Fit"
                                src="star-full.png"
                              />
                            </span>
                          </span>
                          <span
                            style="cursor: inherit; display: inline-block; position: relative;"
                          >
                            <span>
                              <img
                                alt="Product Fit"
                                src="star-hollow.png"
                              />
                            </span>
                            <span
                              style="display: inline-block; position: absolute; overflow: hidden; top: 0px; left: 0px; width: 0%;"
                            >
                              <img
                                alt="Product Fit"
                                src="star-full.png"
                              />
                            </span>
                          </span>
                          <span
                            style="cursor: inherit; display: inline-block; position: relative;"
                          >
                            <span>
                              <img
                                alt="Product Fit"
                                src="star-hollow.png"
                              />
                            </span>
                            <span
                              style="display: inline-block; position: absolute; overflow: hidden; top: 0px; left: 0px; width: 0%;"
                            >
                              <img
                                alt="Product Fit"
                                src="star-full.png"
                              />
                            </span>
                          </span>
                          <span
                            style="cursor: inherit; display: inline-block; position: relative;"
                          >
                            <span>
                              <img
                                alt="Product Fit"
                                src="star-hollow.png"
                              />
                            </span>
                            <span
                              style="display: inline-block; position: absolute; overflow: hidden; top: 0px; left: 0px; width: 0%;"
                            >
                              <img
                                alt="Product Fit"
                                src="star-full.png"
                              />
                            </span>
                          </span>
                          <span
                            style="cursor: inherit; display: inline-block; position: relative;"
                          >
                            <span>
                              <img
                                alt="Product Fit"
                                src="star-hollow.png"
                              />
                            </span>
                            <span
                              style="display: inline-block; position: absolute; overflow: hidden; top: 0px; left: 0px; width: 0%;"
                            >
                              <img
                                alt="Product Fit"
                                src="star-full.png"
                              />
                            </span>
                          </span>
                        </span>
                      </div>
                      <div
                        class="sc-bYSBpT gQCjDJ"
                      >
                        Functionality
                        <span
                          style="display: inline-block; direction: ltr;"
                        >
                          <span
                            style="cursor: inherit; display: inline-block; position: relative;"
                          >
                            <span>
                              <img
                                alt="Functionality"
                                src="star-hollow.png"
                              />
                            </span>
                            <span
                              style="display: inline-block; position: absolute; overflow: hidden; top: 0px; left: 0px; width: 0%;"
                            >
                              <img
                                alt="Functionality"
                                src="star-full.png"
                              />
                            </span>
                          </span>
                          <span
                            style="cursor: inherit; display: inline-block; position: relative;"
                          >
                            <span>
                              <img
                                alt="Functionality"
                                src="star-hollow.png"
                              />
                            </span>
                            <span
                              style="display: inline-block; position: absolute; overflow: hidden; top: 0px; left: 0px; width: 0%;"
                            >
                              <img
                                alt="Functionality"
                                src="star-full.png"
                              />
                            </span>
                          </span>
                          <span
                            style="cursor: inherit; display: inline-block; position: relative;"
                          >
                            <span>
                              <img
                                alt="Functionality"
                                src="star-hollow.png"
                              />
                            </span>
                            <span
                              style="display: inline-block; position: absolute; overflow: hidden; top: 0px; left: 0px; width: 0%;"
                            >
                              <img
                                alt="Functionality"
                                src="star-full.png"
                              />
                            </span>
                          </span>
                          <span
                            style="cursor: inherit; display: inline-block; position: relative;"
                          >
                            <span>
                              <img
                                alt="Functionality"
                                src="star-hollow.png"
                              />
                            </span>
                            <span
                              style="display: inline-block; position: absolute; overflow: hidden; top: 0px; left: 0px; width: 0%;"
                            >
                              <img
                                alt="Functionality"
                                src="star-full.png"
                              />
                            </span>
                          </span>
                          <span
                            style="cursor: inherit; display: inline-block; position: relative;"
                          >
                            <span>
                              <img
                                alt="Functionality"
                                src="star-hollow.png"
                              />
                            </span>
                            <span
                              style="display: inline-block; position: absolute; overflow: hidden; top: 0px; left: 0px; width: 0%;"
                            >
                              <img
                                alt="Functionality"
                                src="star-full.png"
                              />
                            </span>
                          </span>
                        </span>
                      </div>
                      <div
                        class="sc-bYSBpT gQCjDJ"
                      >
                        Innovation
                        <span
                          style="display: inline-block; direction: ltr;"
                        >
                          <span
                            style="cursor: inherit; display: inline-block; position: relative;"
                          >
                            <span>
                              <img
                                alt="Innovation"
                                src="star-hollow.png"
                              />
                            </span>
                            <span
                              style="display: inline-block; position: absolute; overflow: hidden; top: 0px; left: 0px; width: 0%;"
                            >
                              <img
                                alt="Innovation"
                                src="star-full.png"
                              />
                            </span>
                          </span>
                          <span
                            style="cursor: inherit; display: inline-block; position: relative;"
                          >
                            <span>
                              <img
                                alt="Innovation"
                                src="star-hollow.png"
                              />
                            </span>
                            <span
                              style="display: inline-block; position: absolute; overflow: hidden; top: 0px; left: 0px; width: 0%;"
                            >
                              <img
                                alt="Innovation"
                                src="star-full.png"
                              />
                            </span>
                          </span>
                          <span
                            style="cursor: inherit; display: inline-block; position: relative;"
                          >
                            <span>
                              <img
                                alt="Innovation"
                                src="star-hollow.png"
                              />
                            </span>
                            <span
                              style="display: inline-block; position: absolute; overflow: hidden; top: 0px; left: 0px; width: 0%;"
                            >
                              <img
                                alt="Innovation"
                                src="star-full.png"
                              />
                            </span>
                          </span>
                          <span
                            style="cursor: inherit; display: inline-block; position: relative;"
                          >
                            <span>
                              <img
                                alt="Innovation"
                                src="star-hollow.png"
                              />
                            </span>
                            <span
                              style="display: inline-block; position: absolute; overflow: hidden; top: 0px; left: 0px; width: 0%;"
                            >
                              <img
                                alt="Innovation"
                                src="star-full.png"
                              />
                            </span>
                          </span>
                          <span
                            style="cursor: inherit; display: inline-block; position: relative;"
                          >
                            <span>
                              <img
                                alt="Innovation"
                                src="star-hollow.png"
                              />
                            </span>
                            <span
                              style="display: inline-block; position: absolute; overflow: hidden; top: 0px; left: 0px; width: 0%;"
                            >
                              <img
                                alt="Innovation"
                                src="star-full.png"
                              />
                            </span>
                          </span>
                        </span>
                      </div>
                      <div
                        class="sc-bYSBpT gQCjDJ"
                      >
                        Product Design
                        <span
                          style="display: inline-block; direction: ltr;"
                        >
                          <span
                            style="cursor: inherit; display: inline-block; position: relative;"
                          >
                            <span>
                              <img
                                alt="Product Design"
                                src="star-hollow.png"
                              />
                            </span>
                            <span
                              style="display: inline-block; position: absolute; overflow: hidden; top: 0px; left: 0px; width: 0%;"
                            >
                              <img
                                alt="Product Design"
                                src="star-full.png"
                              />
                            </span>
                          </span>
                          <span
                            style="cursor: inherit; display: inline-block; position: relative;"
                          >
                            <span>
                              <img
                                alt="Product Design"
                                src="star-hollow.png"
                              />
                            </span>
                            <span
                              style="display: inline-block; position: absolute; overflow: hidden; top: 0px; left: 0px; width: 0%;"
                            >
                              <img
                                alt="Product Design"
                                src="star-full.png"
                              />
                            </span>
                          </span>
                          <span
                            style="cursor: inherit; display: inline-block; position: relative;"
                          >
                            <span>
                              <img
                                alt="Product Design"
                                src="star-hollow.png"
                              />
                            </span>
                            <span
                              style="display: inline-block; position: absolute; overflow: hidden; top: 0px; left: 0px; width: 0%;"
                            >
                              <img
                                alt="Product Design"
                                src="star-full.png"
                              />
                            </span>
                          </span>
                          <span
                            style="cursor: inherit; display: inline-block; position: relative;"
                          >
                            <span>
                              <img
                                alt="Product Design"
                                src="star-hollow.png"
                              />
                            </span>
                            <span
                              style="display: inline-block; position: absolute; overflow: hidden; top: 0px; left: 0px; width: 0%;"
                            >
                              <img
                                alt="Product Design"
                                src="star-full.png"
                              />
                            </span>
                          </span>
                          <span
                            style="cursor: inherit; display: inline-block; position: relative;"
                          >
                            <span>
                              <img
                                alt="Product Design"
                                src="star-hollow.png"
                              />
                            </span>
                            <span
                              style="display: inline-block; position: absolute; overflow: hidden; top: 0px; left: 0px; width: 0%;"
                            >
                              <img
                                alt="Product Design"
                                src="star-full.png"
                              />
                            </span>
                          </span>
                        </span>
                      </div>
                      <div
                        class="sc-bYSBpT gQCjDJ"
                      >
                        Extensibility
                        <span
                          style="display: inline-block; direction: ltr;"
                        >
                          <span
                            style="cursor: inherit; display: inline-block; position: relative;"
                          >
                            <span>
                              <img
                                alt="Extensibility"
                                src="star-hollow.png"
                              />
                            </span>
                            <span
                              style="display: inline-block; position: absolute; overflow: hidden; top: 0px; left: 0px; width: 0%;"
                            >
                              <img
                                alt="Extensibility"
                                src="star-full.png"
                              />
                            </span>
                          </span>
                          <span
                            style="cursor: inherit; display: inline-block; position: relative;"
                          >
                            <span>
                              <img
                                alt="Extensibility"
                                src="star-hollow.png"
                              />
                            </span>
                            <span
                              style="display: inline-block; position: absolute; overflow: hidden; top: 0px; left: 0px; width: 0%;"
                            >
                              <img
                                alt="Extensibility"
                                src="star-full.png"
                              />
                            </span>
                          </span>
                          <span
                            style="cursor: inherit; display: inline-block; position: relative;"
                          >
                            <span>
                              <img
                                alt="Extensibility"
                                src="star-hollow.png"
                              />
                            </span>
                            <span
                              style="display: inline-block; position: absolute; overflow: hidden; top: 0px; left: 0px; width: 0%;"
                            >
                              <img
                                alt="Extensibility"
                                src="star-full.png"
                              />
                            </span>
                          </span>
                          <span
                            style="cursor: inherit; display: inline-block; position: relative;"
                          >
                            <span>
                              <img
                                alt="Extensibility"
                                src="star-hollow.png"
                              />
                            </span>
                            <span
                              style="display: inline-block; position: absolute; overflow: hidden; top: 0px; left: 0px; width: 0%;"
                            >
                              <img
                                alt="Extensibility"
                                src="star-full.png"
                              />
                            </span>
                          </span>
                          <span
                            style="cursor: inherit; display: inline-block; position: relative;"
                          >
                            <span>
                              <img
                                alt="Extensibility"
                                src="star-hollow.png"
                              />
                            </span>
                            <span
                              style="display: inline-block; position: absolute; overflow: hidden; top: 0px; left: 0px; width: 0%;"
                            >
                              <img
                                alt="Extensibility"
                                src="star-full.png"
                              />
                            </span>
                          </span>
                        </span>
                      </div>
                    </div>
                    <label
                      class="sc-cMljjf bFdBto"
                      for="feedback"
                    >
                      Feedback
                    </label>
                    <p
                      class="sc-ckVGcZ knXWAI"
                    >
                      No comments on this project
                    </p>
                  </div>
                </div>
                <div
                  class="sc-kTUwUJ gkQnFQ"
                >
                  <a
                    class="sc-ifAKCX cIKUcB"
                    color="grey"
                    to="/dashboard/event/1/projects"
                  >
                    Back to projects
                  </a>
                </div>
              </div>
            </div>
          </div>
        </div>
        <div
          class="sc-dnqmqq gkSNdn"
        >
          <p
            class="sc-VigVT kZDxgA"
          >
            International Crafters © 2020
          </p>
          <div>
            <a
              class="sc-iwsKbI sc-gqjmRU kqKCDB"
              href="#"
            >
              Privacy
            </a>
            <a
              class="sc-iwsKbI sc-gqjmRU kqKCDB"
              href="#"
            >
              Contacts
            </a>
          </div>
        </div>
      </div>
    </div>
  </body>,
  "container": <div>
    <div>
      <div
        class="sc-bdVaJa dErNmg"
      >
        <a
          class="sc-htoDjs jssEWI"
          href="/"
        >
          <img
            alt="Hackton - Organise hackathons"
            class="sc-bwzfXH fWCffE"
            src="Hackton-logo.png"
          />
        </a>
        <div
          class="sc-gzVnrw itepUc"
        >
          <div
            class="sc-EHOje bOqsil"
          >
            <button
              class="sc-htpNat maCfY sc-bZQynM ignRaC"
              color="grey"
              data-testid="label"
            >
              Log Out
            </button>
          </div>
        </div>
      </div>
      <div
        class="sc-bRBYWo hyNudz"
      >
        <div
          class="sc-hzDkRC csxNDz sc-hmzhuo dRNSrA"
        >
          <div
            class="sc-fMiknA fZGKtL"
          >
            <h3
              class="sc-kAzzGY eOJFvg"
            >
              Submitted project for 
              <strong
                class="sc-hqyNC jKgWbp"
              >
                "
                EuroHack
                "
              </strong>
            </h3>
          </div>
          <div
            class="sc-eqIVtm cafaYE"
          >
            <div
              class="sc-caSCKo sc-gisBJw sc-frDJqD cBehyO"
            >
              <div
                class="sc-btzYZH sstDd"
              >
                <div
                  class="sc-cmTdod eTGBoa"
                >
                  <h3
                    class="sc-kAzzGY eOJFvg"
                  />
                </div>
                <label
                  class="sc-cMljjf bFdBto"
                  for="project_writeup"
                >
                  Project writeup
                </label>
                <div
                  class="sc-jwKygS kwrrTy"
                  id="project_writeup"
                >
                  <p
                    class="sc-ckVGcZ knXWAI"
                  />
                </div>
                <div
                  class="sc-jtRfpW jJRdfC"
                >
                  <label
                    class="sc-cMljjf bFdBto"
                    for="rubrics"
                  />
                  <div
                    class="sc-lhVmIH esNEav"
                    id="rubrics"
                  >
                    <div
                      class="sc-bYSBpT gQCjDJ"
                    >
                      Presentation
                      <span
                        style="display: inline-block; direction: ltr;"
                      >
                        <span
                          style="cursor: inherit; display: inline-block; position: relative;"
                        >
                          <span>
                            <img
                              alt="Presentation"
                              src="star-hollow.png"
                            />
                          </span>
                          <span
                            style="display: inline-block; position: absolute; overflow: hidden; top: 0px; left: 0px; width: 0%;"
                          >
                            <img
                              alt="Presentation"
                              src="star-full.png"
                            />
                          </span>
                        </span>
                        <span
                          style="cursor: inherit; display: inline-block; position: relative;"
                        >
                          <span>
                            <img
                              alt="Presentation"
                              src="star-hollow.png"
                            />
                          </span>
                          <span
                            style="display: inline-block; position: absolute; overflow: hidden; top: 0px; left: 0px; width: 0%;"
                          >
                            <img
                              alt="Presentation"
                              src="star-full.png"
                            />
                          </span>
                        </span>
                        <span
                          style="cursor: inherit; display: inline-block; position: relative;"
                        >
                          <span>
                            <img
                              alt="Presentation"
                              src="star-hollow.png"
                            />
                          </span>
                          <span
                            style="display: inline-block; position: absolute; overflow: hidden; top: 0px; left: 0px; width: 0%;"
                          >
                            <img
                              alt="Presentation"
                              src="star-full.png"
                            />
                          </span>
                        </span>
                        <span
                          style="cursor: inherit; display: inline-block; position: relative;"
                        >
                          <span>
                            <img
                              alt="Presentation"
                              src="star-hollow.png"
                            />
                          </span>
                          <span
                            style="display: inline-block; position: absolute; overflow: hidden; top: 0px; left: 0px; width: 0%;"
                          >
                            <img
                              alt="Presentation"
                              src="star-full.png"
                            />
                          </span>
                        </span>
                        <span
                          style="cursor: inherit; display: inline-block; position: relative;"
                        >
                          <span>
                            <img
                              alt="Presentation"
                              src="star-hollow.png"
                            />
                          </span>
                          <span
                            style="display: inline-block; position: absolute; overflow: hidden; top: 0px; left: 0px; width: 0%;"
                          >
                            <img
                              alt="Presentation"
                              src="star-full.png"
                            />
                          </span>
                        </span>
                      </span>
                    </div>
                    <div
                      class="sc-bYSBpT gQCjDJ"
                    >
                      Product Fit
                      <span
                        style="display: inline-block; direction: ltr;"
                      >
                        <span
                          style="cursor: inherit; display: inline-block; position: relative;"
                        >
                          <span>
                            <img
                              alt="Product Fit"
                              src="star-hollow.png"
                            />
                          </span>
                          <span
                            style="display: inline-block; position: absolute; overflow: hidden; top: 0px; left: 0px; width: 0%;"
                          >
                            <img
                              alt="Product Fit"
                              src="star-full.png"
                            />
                          </span>
                        </span>
                        <span
                          style="cursor: inherit; display: inline-block; position: relative;"
                        >
                          <span>
                            <img
                              alt="Product Fit"
                              src="star-hollow.png"
                            />
                          </span>
                          <span
                            style="display: inline-block; position: absolute; overflow: hidden; top: 0px; left: 0px; width: 0%;"
                          >
                            <img
                              alt="Product Fit"
                              src="star-full.png"
                            />
                          </span>
                        </span>
                        <span
                          style="cursor: inherit; display: inline-block; position: relative;"
                        >
                          <span>
                            <img
                              alt="Product Fit"
                              src="star-hollow.png"
                            />
                          </span>
                          <span
                            style="display: inline-block; position: absolute; overflow: hidden; top: 0px; left: 0px; width: 0%;"
                          >
                            <img
                              alt="Product Fit"
                              src="star-full.png"
                            />
                          </span>
                        </span>
                        <span
                          style="cursor: inherit; display: inline-block; position: relative;"
                        >
                          <span>
                            <img
                              alt="Product Fit"
                              src="star-hollow.png"
                            />
                          </span>
                          <span
                            style="display: inline-block; position: absolute; overflow: hidden; top: 0px; left: 0px; width: 0%;"
                          >
                            <img
                              alt="Product Fit"
                              src="star-full.png"
                            />
                          </span>
                        </span>
                        <span
                          style="cursor: inherit; display: inline-block; position: relative;"
                        >
                          <span>
                            <img
                              alt="Product Fit"
                              src="star-hollow.png"
                            />
                          </span>
                          <span
                            style="display: inline-block; position: absolute; overflow: hidden; top: 0px; left: 0px; width: 0%;"
                          >
                            <img
                              alt="Product Fit"
                              src="star-full.png"
                            />
                          </span>
                        </span>
                      </span>
                    </div>
                    <div
                      class="sc-bYSBpT gQCjDJ"
                    >
                      Functionality
                      <span
                        style="display: inline-block; direction: ltr;"
                      >
                        <span
                          style="cursor: inherit; display: inline-block; position: relative;"
                        >
                          <span>
                            <img
                              alt="Functionality"
                              src="star-hollow.png"
                            />
                          </span>
                          <span
                            style="display: inline-block; position: absolute; overflow: hidden; top: 0px; left: 0px; width: 0%;"
                          >
                            <img
                              alt="Functionality"
                              src="star-full.png"
                            />
                          </span>
                        </span>
                        <span
                          style="cursor: inherit; display: inline-block; position: relative;"
                        >
                          <span>
                            <img
                              alt="Functionality"
                              src="star-hollow.png"
                            />
                          </span>
                          <span
                            style="display: inline-block; position: absolute; overflow: hidden; top: 0px; left: 0px; width: 0%;"
                          >
                            <img
                              alt="Functionality"
                              src="star-full.png"
                            />
                          </span>
                        </span>
                        <span
                          style="cursor: inherit; display: inline-block; position: relative;"
                        >
                          <span>
                            <img
                              alt="Functionality"
                              src="star-hollow.png"
                            />
                          </span>
                          <span
                            style="display: inline-block; position: absolute; overflow: hidden; top: 0px; left: 0px; width: 0%;"
                          >
                            <img
                              alt="Functionality"
                              src="star-full.png"
                            />
                          </span>
                        </span>
                        <span
                          style="cursor: inherit; display: inline-block; position: relative;"
                        >
                          <span>
                            <img
                              alt="Functionality"
                              src="star-hollow.png"
                            />
                          </span>
                          <span
                            style="display: inline-block; position: absolute; overflow: hidden; top: 0px; left: 0px; width: 0%;"
                          >
                            <img
                              alt="Functionality"
                              src="star-full.png"
                            />
                          </span>
                        </span>
                        <span
                          style="cursor: inherit; display: inline-block; position: relative;"
                        >
                          <span>
                            <img
                              alt="Functionality"
                              src="star-hollow.png"
                            />
                          </span>
                          <span
                            style="display: inline-block; position: absolute; overflow: hidden; top: 0px; left: 0px; width: 0%;"
                          >
                            <img
                              alt="Functionality"
                              src="star-full.png"
                            />
                          </span>
                        </span>
                      </span>
                    </div>
                    <div
                      class="sc-bYSBpT gQCjDJ"
                    >
                      Innovation
                      <span
                        style="display: inline-block; direction: ltr;"
                      >
                        <span
                          style="cursor: inherit; display: inline-block; position: relative;"
                        >
                          <span>
                            <img
                              alt="Innovation"
                              src="star-hollow.png"
                            />
                          </span>
                          <span
                            style="display: inline-block; position: absolute; overflow: hidden; top: 0px; left: 0px; width: 0%;"
                          >
                            <img
                              alt="Innovation"
                              src="star-full.png"
                            />
                          </span>
                        </span>
                        <span
                          style="cursor: inherit; display: inline-block; position: relative;"
                        >
                          <span>
                            <img
                              alt="Innovation"
                              src="star-hollow.png"
                            />
                          </span>
                          <span
                            style="display: inline-block; position: absolute; overflow: hidden; top: 0px; left: 0px; width: 0%;"
                          >
                            <img
                              alt="Innovation"
                              src="star-full.png"
                            />
                          </span>
                        </span>
                        <span
                          style="cursor: inherit; display: inline-block; position: relative;"
                        >
                          <span>
                            <img
                              alt="Innovation"
                              src="star-hollow.png"
                            />
                          </span>
                          <span
                            style="display: inline-block; position: absolute; overflow: hidden; top: 0px; left: 0px; width: 0%;"
                          >
                            <img
                              alt="Innovation"
                              src="star-full.png"
                            />
                          </span>
                        </span>
                        <span
                          style="cursor: inherit; display: inline-block; position: relative;"
                        >
                          <span>
                            <img
                              alt="Innovation"
                              src="star-hollow.png"
                            />
                          </span>
                          <span
                            style="display: inline-block; position: absolute; overflow: hidden; top: 0px; left: 0px; width: 0%;"
                          >
                            <img
                              alt="Innovation"
                              src="star-full.png"
                            />
                          </span>
                        </span>
                        <span
                          style="cursor: inherit; display: inline-block; position: relative;"
                        >
                          <span>
                            <img
                              alt="Innovation"
                              src="star-hollow.png"
                            />
                          </span>
                          <span
                            style="display: inline-block; position: absolute; overflow: hidden; top: 0px; left: 0px; width: 0%;"
                          >
                            <img
                              alt="Innovation"
                              src="star-full.png"
                            />
                          </span>
                        </span>
                      </span>
                    </div>
                    <div
                      class="sc-bYSBpT gQCjDJ"
                    >
                      Product Design
                      <span
                        style="display: inline-block; direction: ltr;"
                      >
                        <span
                          style="cursor: inherit; display: inline-block; position: relative;"
                        >
                          <span>
                            <img
                              alt="Product Design"
                              src="star-hollow.png"
                            />
                          </span>
                          <span
                            style="display: inline-block; position: absolute; overflow: hidden; top: 0px; left: 0px; width: 0%;"
                          >
                            <img
                              alt="Product Design"
                              src="star-full.png"
                            />
                          </span>
                        </span>
                        <span
                          style="cursor: inherit; display: inline-block; position: relative;"
                        >
                          <span>
                            <img
                              alt="Product Design"
                              src="star-hollow.png"
                            />
                          </span>
                          <span
                            style="display: inline-block; position: absolute; overflow: hidden; top: 0px; left: 0px; width: 0%;"
                          >
                            <img
                              alt="Product Design"
                              src="star-full.png"
                            />
                          </span>
                        </span>
                        <span
                          style="cursor: inherit; display: inline-block; position: relative;"
                        >
                          <span>
                            <img
                              alt="Product Design"
                              src="star-hollow.png"
                            />
                          </span>
                          <span
                            style="display: inline-block; position: absolute; overflow: hidden; top: 0px; left: 0px; width: 0%;"
                          >
                            <img
                              alt="Product Design"
                              src="star-full.png"
                            />
                          </span>
                        </span>
                        <span
                          style="cursor: inherit; display: inline-block; position: relative;"
                        >
                          <span>
                            <img
                              alt="Product Design"
                              src="star-hollow.png"
                            />
                          </span>
                          <span
                            style="display: inline-block; position: absolute; overflow: hidden; top: 0px; left: 0px; width: 0%;"
                          >
                            <img
                              alt="Product Design"
                              src="star-full.png"
                            />
                          </span>
                        </span>
                        <span
                          style="cursor: inherit; display: inline-block; position: relative;"
                        >
                          <span>
                            <img
                              alt="Product Design"
                              src="star-hollow.png"
                            />
                          </span>
                          <span
                            style="display: inline-block; position: absolute; overflow: hidden; top: 0px; left: 0px; width: 0%;"
                          >
                            <img
                              alt="Product Design"
                              src="star-full.png"
                            />
                          </span>
                        </span>
                      </span>
                    </div>
                    <div
                      class="sc-bYSBpT gQCjDJ"
                    >
                      Extensibility
                      <span
                        style="display: inline-block; direction: ltr;"
                      >
                        <span
                          style="cursor: inherit; display: inline-block; position: relative;"
                        >
                          <span>
                            <img
                              alt="Extensibility"
                              src="star-hollow.png"
                            />
                          </span>
                          <span
                            style="display: inline-block; position: absolute; overflow: hidden; top: 0px; left: 0px; width: 0%;"
                          >
                            <img
                              alt="Extensibility"
                              src="star-full.png"
                            />
                          </span>
                        </span>
                        <span
                          style="cursor: inherit; display: inline-block; position: relative;"
                        >
                          <span>
                            <img
                              alt="Extensibility"
                              src="star-hollow.png"
                            />
                          </span>
                          <span
                            style="display: inline-block; position: absolute; overflow: hidden; top: 0px; left: 0px; width: 0%;"
                          >
                            <img
                              alt="Extensibility"
                              src="star-full.png"
                            />
                          </span>
                        </span>
                        <span
                          style="cursor: inherit; display: inline-block; position: relative;"
                        >
                          <span>
                            <img
                              alt="Extensibility"
                              src="star-hollow.png"
                            />
                          </span>
                          <span
                            style="display: inline-block; position: absolute; overflow: hidden; top: 0px; left: 0px; width: 0%;"
                          >
                            <img
                              alt="Extensibility"
                              src="star-full.png"
                            />
                          </span>
                        </span>
                        <span
                          style="cursor: inherit; display: inline-block; position: relative;"
                        >
                          <span>
                            <img
                              alt="Extensibility"
                              src="star-hollow.png"
                            />
                          </span>
                          <span
                            style="display: inline-block; position: absolute; overflow: hidden; top: 0px; left: 0px; width: 0%;"
                          >
                            <img
                              alt="Extensibility"
                              src="star-full.png"
                            />
                          </span>
                        </span>
                        <span
                          style="cursor: inherit; display: inline-block; position: relative;"
                        >
                          <span>
                            <img
                              alt="Extensibility"
                              src="star-hollow.png"
                            />
                          </span>
                          <span
                            style="display: inline-block; position: absolute; overflow: hidden; top: 0px; left: 0px; width: 0%;"
                          >
                            <img
                              alt="Extensibility"
                              src="star-full.png"
                            />
                          </span>
                        </span>
                      </span>
                    </div>
                  </div>
                  <label
                    class="sc-cMljjf bFdBto"
                    for="feedback"
                  >
                    Feedback
                  </label>
                  <p
                    class="sc-ckVGcZ knXWAI"
                  >
                    No comments on this project
                  </p>
                </div>
              </div>
              <div
                class="sc-kTUwUJ gkQnFQ"
              >
                <a
                  class="sc-ifAKCX cIKUcB"
                  color="grey"
                  to="/dashboard/event/1/projects"
                >
                  Back to projects
                </a>
              </div>
            </div>
          </div>
        </div>
      </div>
      <div
        class="sc-dnqmqq gkSNdn"
      >
        <p
          class="sc-VigVT kZDxgA"
        >
          International Crafters © 2020
        </p>
        <div>
          <a
            class="sc-iwsKbI sc-gqjmRU kqKCDB"
            href="#"
          >
            Privacy
          </a>
          <a
            class="sc-iwsKbI sc-gqjmRU kqKCDB"
            href="#"
          >
            Contacts
          </a>
        </div>
      </div>
    </div>
  </div>,
  "debug": [Function],
  "findAllByAltText": [Function],
  "findAllByDisplayValue": [Function],
  "findAllByLabelText": [Function],
  "findAllByPlaceholderText": [Function],
  "findAllByRole": [Function],
  "findAllByTestId": [Function],
  "findAllByText": [Function],
  "findAllByTitle": [Function],
  "findByAltText": [Function],
  "findByDisplayValue": [Function],
  "findByLabelText": [Function],
  "findByPlaceholderText": [Function],
  "findByRole": [Function],
  "findByTestId": [Function],
  "findByText": [Function],
  "findByTitle": [Function],
  "getAllByAltText": [Function],
  "getAllByDisplayValue": [Function],
  "getAllByLabelText": [Function],
  "getAllByPlaceholderText": [Function],
  "getAllByRole": [Function],
  "getAllByTestId": [Function],
  "getAllByText": [Function],
  "getAllByTitle": [Function],
  "getByAltText": [Function],
  "getByDisplayValue": [Function],
  "getByLabelText": [Function],
  "getByPlaceholderText": [Function],
  "getByRole": [Function],
  "getByTestId": [Function],
  "getByText": [Function],
  "getByTitle": [Function],
  "queryAllByAltText": [Function],
  "queryAllByDisplayValue": [Function],
  "queryAllByLabelText": [Function],
  "queryAllByPlaceholderText": [Function],
  "queryAllByRole": [Function],
  "queryAllByTestId": [Function],
  "queryAllByText": [Function],
  "queryAllByTitle": [Function],
  "queryByAltText": [Function],
  "queryByDisplayValue": [Function],
  "queryByLabelText": [Function],
  "queryByPlaceholderText": [Function],
  "queryByRole": [Function],
  "queryByTestId": [Function],
  "queryByText": [Function],
  "queryByTitle": [Function],
  "rerender": [Function],
  "unmount": [Function],
}
`;
