// Jest Snapshot v1, https://goo.gl/fbAQLP

exports[`Component ParticipantSubmissionPage.js text nodes renders properly asserts that the component renders properly 1`] = `
Object {
  "asFragment": [Function],
  "baseElement": <body>
    <div>
      <div>
        <div
          class="sc-bdVaJa dErNmg"
        >
          <a
            class="sc-htoDjs jssEWI"
            href="/"
          >
            <img
              alt="Hackton - Organise hackathons"
              class="sc-bwzfXH fWCffE"
              src="Hackton-logo.png"
            />
          </a>
          <div
            class="sc-gzVnrw itepUc"
          >
            <div
              class="sc-EHOje bOqsil"
            >
              <button
                class="sc-htpNat maCfY sc-bZQynM ignRaC"
                color="grey"
                data-testid="label"
              >
                Log Out
              </button>
            </div>
          </div>
        </div>
        <div
          class="sc-bRBYWo hyNudz"
        >
          <div
            class="sc-hzDkRC csxNDz sc-kvZOFW XPmfx"
          >
            <div
              class="sc-fMiknA fZGKtL"
            >
              <h3
                class="sc-kAzzGY eOJFvg"
              >
                Submit Project
              </h3>
            </div>
            <div
              class="sc-caSCKo dZGQkd"
            >
              <div
                class="sc-kjoXOD sc-TOsTZ kGFIBC"
              >
                <form
                  action="#"
                >
                  <div
                    class="sc-eqIVtm bACcVR"
                  >
                    <p
                      class="sc-ckVGcZ knXWAI"
                    >
                      You are making a submission for the
                       
                      <strong>
                        EuroHack
                      </strong>
                      . Please ensure you have read the event guidelines and have gone through the grading rubrics for this event before you make your submission.
                    </p>
                  </div>
                  <div
                    class="sc-eqIVtm bACcVR"
                  >
                    <div
                      class="sc-caSCKo dZGQkd"
                    >
                      <label
                        class="sc-cMljjf bFdBto"
                        for="project_title"
                      >
                        Project Title
                      </label>
                      <input
                        class="sc-jAaTju jdGLtg"
                        display="wide"
                        id="project_title"
                        name="project_title"
                        type="text"
                        value=""
                      />
                      <span
                        class="sc-hMqMXs sc-iAyFgw cklGIw"
                      />
                    </div>
                    <div
                      class="sc-caSCKo dZGQkd"
                    >
                      <label
                        class="sc-cMljjf bFdBto"
                        for="participant_or_team_nam"
                      >
                        Team/Participant name
                      </label>
                      <input
                        class="sc-jAaTju jdGLtg"
                        display="wide"
                        id="participant_or_team_name"
                        name="participant_or_team_name"
                        type="text"
                        value=""
                      />
                      <span
                        class="sc-hMqMXs sc-iAyFgw cklGIw"
                      />
                    </div>
                  </div>
                  <div
                    class="sc-eqIVtm jsoGfq"
                  >
                    <label
                      class="sc-cMljjf bFdBto"
                      for="project_writeups"
                    >
                      Project Writeup
                    </label>
                    <div
                      class="sc-hmzhuo iPlCQZ"
                    >
                      <textarea
                        id="project_writeups"
                        name="project_writeups"
                        type="text"
                      />
                    </div>
                    <span
                      class="sc-hMqMXs sc-iAyFgw cklGIw"
                    />
                  </div>
                  <div
                    class="sc-eqIVtm bACcVR"
                  >
                    <a
                      class="sc-ifAKCX cIKUcB"
                      color="grey"
                      to="/dashboard"
                    >
                      Cancel
                    </a>
                    <button
                      class="sc-htpNat jPhUiJ"
                      color="green"
                      type="submit"
                    >
                      Submit
                    </button>
                  </div>
                </form>
              </div>
            </div>
          </div>
        </div>
        <div
          class="sc-dnqmqq gkSNdn"
        >
          <p
            class="sc-VigVT kZDxgA"
          >
            International Crafters © 2020
          </p>
          <div>
            <a
              class="sc-iwsKbI sc-gqjmRU kqKCDB"
              href="#"
            >
              Privacy
            </a>
            <a
              class="sc-iwsKbI sc-gqjmRU kqKCDB"
              href="#"
            >
              Contacts
            </a>
          </div>
        </div>
      </div>
    </div>
  </body>,
  "container": <div>
    <div>
      <div
        class="sc-bdVaJa dErNmg"
      >
        <a
          class="sc-htoDjs jssEWI"
          href="/"
        >
          <img
            alt="Hackton - Organise hackathons"
            class="sc-bwzfXH fWCffE"
            src="Hackton-logo.png"
          />
        </a>
        <div
          class="sc-gzVnrw itepUc"
        >
          <div
            class="sc-EHOje bOqsil"
          >
            <button
              class="sc-htpNat maCfY sc-bZQynM ignRaC"
              color="grey"
              data-testid="label"
            >
              Log Out
            </button>
          </div>
        </div>
      </div>
      <div
        class="sc-bRBYWo hyNudz"
      >
        <div
          class="sc-hzDkRC csxNDz sc-kvZOFW XPmfx"
        >
          <div
            class="sc-fMiknA fZGKtL"
          >
            <h3
              class="sc-kAzzGY eOJFvg"
            >
              Submit Project
            </h3>
          </div>
          <div
            class="sc-caSCKo dZGQkd"
          >
            <div
              class="sc-kjoXOD sc-TOsTZ kGFIBC"
            >
              <form
                action="#"
              >
                <div
                  class="sc-eqIVtm bACcVR"
                >
                  <p
                    class="sc-ckVGcZ knXWAI"
                  >
                    You are making a submission for the
                     
                    <strong>
                      EuroHack
                    </strong>
                    . Please ensure you have read the event guidelines and have gone through the grading rubrics for this event before you make your submission.
                  </p>
                </div>
                <div
                  class="sc-eqIVtm bACcVR"
                >
                  <div
                    class="sc-caSCKo dZGQkd"
                  >
                    <label
                      class="sc-cMljjf bFdBto"
                      for="project_title"
                    >
                      Project Title
                    </label>
                    <input
                      class="sc-jAaTju jdGLtg"
                      display="wide"
                      id="project_title"
                      name="project_title"
                      type="text"
                      value=""
                    />
                    <span
                      class="sc-hMqMXs sc-iAyFgw cklGIw"
                    />
                  </div>
                  <div
                    class="sc-caSCKo dZGQkd"
                  >
                    <label
                      class="sc-cMljjf bFdBto"
                      for="participant_or_team_nam"
                    >
                      Team/Participant name
                    </label>
                    <input
                      class="sc-jAaTju jdGLtg"
                      display="wide"
                      id="participant_or_team_name"
                      name="participant_or_team_name"
                      type="text"
                      value=""
                    />
                    <span
                      class="sc-hMqMXs sc-iAyFgw cklGIw"
                    />
                  </div>
                </div>
                <div
                  class="sc-eqIVtm jsoGfq"
                >
                  <label
                    class="sc-cMljjf bFdBto"
                    for="project_writeups"
                  >
                    Project Writeup
                  </label>
                  <div
                    class="sc-hmzhuo iPlCQZ"
                  >
                    <textarea
                      id="project_writeups"
                      name="project_writeups"
                      type="text"
                    />
                  </div>
                  <span
                    class="sc-hMqMXs sc-iAyFgw cklGIw"
                  />
                </div>
                <div
                  class="sc-eqIVtm bACcVR"
                >
                  <a
                    class="sc-ifAKCX cIKUcB"
                    color="grey"
                    to="/dashboard"
                  >
                    Cancel
                  </a>
                  <button
                    class="sc-htpNat jPhUiJ"
                    color="green"
                    type="submit"
                  >
                    Submit
                  </button>
                </div>
              </form>
            </div>
          </div>
        </div>
      </div>
      <div
        class="sc-dnqmqq gkSNdn"
      >
        <p
          class="sc-VigVT kZDxgA"
        >
          International Crafters © 2020
        </p>
        <div>
          <a
            class="sc-iwsKbI sc-gqjmRU kqKCDB"
            href="#"
          >
            Privacy
          </a>
          <a
            class="sc-iwsKbI sc-gqjmRU kqKCDB"
            href="#"
          >
            Contacts
          </a>
        </div>
      </div>
    </div>
  </div>,
  "debug": [Function],
  "findAllByAltText": [Function],
  "findAllByDisplayValue": [Function],
  "findAllByLabelText": [Function],
  "findAllByPlaceholderText": [Function],
  "findAllByRole": [Function],
  "findAllByTestId": [Function],
  "findAllByText": [Function],
  "findAllByTitle": [Function],
  "findByAltText": [Function],
  "findByDisplayValue": [Function],
  "findByLabelText": [Function],
  "findByPlaceholderText": [Function],
  "findByRole": [Function],
  "findByTestId": [Function],
  "findByText": [Function],
  "findByTitle": [Function],
  "getAllByAltText": [Function],
  "getAllByDisplayValue": [Function],
  "getAllByLabelText": [Function],
  "getAllByPlaceholderText": [Function],
  "getAllByRole": [Function],
  "getAllByTestId": [Function],
  "getAllByText": [Function],
  "getAllByTitle": [Function],
  "getByAltText": [Function],
  "getByDisplayValue": [Function],
  "getByLabelText": [Function],
  "getByPlaceholderText": [Function],
  "getByRole": [Function],
  "getByTestId": [Function],
  "getByText": [Function],
  "getByTitle": [Function],
  "queryAllByAltText": [Function],
  "queryAllByDisplayValue": [Function],
  "queryAllByLabelText": [Function],
  "queryAllByPlaceholderText": [Function],
  "queryAllByRole": [Function],
  "queryAllByTestId": [Function],
  "queryAllByText": [Function],
  "queryAllByTitle": [Function],
  "queryByAltText": [Function],
  "queryByDisplayValue": [Function],
  "queryByLabelText": [Function],
  "queryByPlaceholderText": [Function],
  "queryByRole": [Function],
  "queryByTestId": [Function],
  "queryByText": [Function],
  "queryByTitle": [Function],
  "rerender": [Function],
  "unmount": [Function],
}
`;
