// Jest Snapshot v1, https://goo.gl/fbAQLP

exports[`Component UserProfileFormPage.js renders properly asserts that the component renders properly 1`] = `
Object {
  "asFragment": [Function],
  "baseElement": <body>
    <div>
      <div>
        <div
          class="sc-bdVaJa dErNmg"
        >
          <a
            class="sc-htoDjs jssEWI"
            href="/"
          >
            <img
              alt="Hackton - Organise hackathons"
              class="sc-bwzfXH fWCffE"
              src="Hackton-logo.png"
            />
          </a>
          <div
            class="sc-gzVnrw itepUc"
          >
            <div
              class="sc-EHOje bOqsil"
            >
              <button
                class="sc-htpNat maCfY sc-bZQynM ignRaC"
                color="grey"
                data-testid="label"
              >
                Log Out
              </button>
            </div>
          </div>
        </div>
        <div
          class="sc-bRBYWo hyNudz"
        >
          <div
            class="sc-hzDkRC csxNDz sc-hqyNC hpIxCz"
          >
            <div
              class="sc-fMiknA fZGKtL"
            >
              <h3
                class="sc-kAzzGY eOJFvg"
              >
                Edit Profile
              </h3>
            </div>
            <div
              class="sc-eqIVtm bACcVR"
            >
              <div
                class="sc-kgAjT sc-cJSrbW sc-dNLxif KkOk"
              >
                <form
                  action="#"
                >
                  <label
                    class="sc-cMljjf sc-jbKcbu kcjfY"
                    for="image"
                  >
                    Profile picture
                  </label>
                  <figure
                    class="sc-TOsTZ kFBaye"
                  >
                    <div>
                      <img
                        alt=""
                        src="profile-image.png"
                      />
                    </div>
                    <p>
                      Jake22
                    </p>
                  </figure>
                  <div
                    class="sc-eqIVtm bACcVR"
                  >
                    <label
                      class="sc-cMljjf bFdBto"
                      for="fullname"
                    >
                      Full Name
                    </label>
                    <input
                      class="sc-jAaTju jdGLtg"
                      display="wide"
                      name="fullname"
                      placeholder="Full Name"
                      type="text"
                      value="Jake Tom"
                    />
                  </div>
                  <div
                    class="sc-eqIVtm bACcVR"
                  >
                    <label
                      class="sc-cMljjf bFdBto"
                      for="image"
                    >
                      Profile Image
                    </label>
                    <input
                      accept="image/*"
                      class="sc-jAaTju jdGLtg"
                      display="wide"
                      name="image_url"
                      placeholder="Profile picture"
                      type="file"
                      value=""
                    />
                  </div>
                  <div
                    class="sc-eqIVtm bACcVR"
                  >
                    <div
                      class="sc-caSCKo dZGQkd"
                    >
                      <label
                        class="sc-cMljjf bFdBto"
                        for="email"
                      >
                        Email
                      </label>
                      <input
                        class="sc-jAaTju jdGLtg"
                        display="wide"
                        name="email"
                        placeholder="Email"
                        type="text"
                        value="8omemail@google.com"
                      />
                    </div>
                    <div
                      class="sc-caSCKo dZGQkd"
                    >
                      <label
                        class="sc-cMljjf bFdBto"
                        for="username"
                      >
                        Username
                      </label>
                      <input
                        class="sc-jAaTju jdGLtg"
                        display="wide"
                        name="username"
                        placeholder="Username"
                        type="text"
                        value="Jake22"
                      />
                    </div>
                  </div>
                  <div
                    class="sc-eqIVtm bACcVR"
                  >
                    <label
                      class="sc-cMljjf bFdBto"
                      for="bio"
                    >
                      Bio
                    </label>
                    <div
                      class="sc-kjoXOD cjJXTl"
                    >
                      <textarea
                        name="bio"
                        placeholder="bio"
                      >
                        I like coding 
                      </textarea>
                    </div>
                  </div>
                  <div
                    class="sc-eqIVtm sc-jqCOkK yzuen"
                  >
                    <a
                      href="/dashboard"
                    >
                      <button
                        class="sc-htpNat maCfY"
                        color="grey"
                        to="/dashboard"
                      >
                        Cancel
                      </button>
                    </a>
                    <button
                      class="sc-htpNat jPhUiJ sc-uJMKN kiKVKP"
                      color="green"
                      type="submit"
                    >
                      Save Changes
                    </button>
                  </div>
                </form>
              </div>
            </div>
          </div>
        </div>
        <div
          class="sc-dnqmqq gkSNdn"
        >
          <p
            class="sc-VigVT kZDxgA"
          >
            International Crafters © 2020
          </p>
          <div>
            <a
              class="sc-iwsKbI sc-gqjmRU kqKCDB"
              href="#"
            >
              Privacy
            </a>
            <a
              class="sc-iwsKbI sc-gqjmRU kqKCDB"
              href="#"
            >
              Contacts
            </a>
          </div>
        </div>
      </div>
    </div>
  </body>,
  "container": <div>
    <div>
      <div
        class="sc-bdVaJa dErNmg"
      >
        <a
          class="sc-htoDjs jssEWI"
          href="/"
        >
          <img
            alt="Hackton - Organise hackathons"
            class="sc-bwzfXH fWCffE"
            src="Hackton-logo.png"
          />
        </a>
        <div
          class="sc-gzVnrw itepUc"
        >
          <div
            class="sc-EHOje bOqsil"
          >
            <button
              class="sc-htpNat maCfY sc-bZQynM ignRaC"
              color="grey"
              data-testid="label"
            >
              Log Out
            </button>
          </div>
        </div>
      </div>
      <div
        class="sc-bRBYWo hyNudz"
      >
        <div
          class="sc-hzDkRC csxNDz sc-hqyNC hpIxCz"
        >
          <div
            class="sc-fMiknA fZGKtL"
          >
            <h3
              class="sc-kAzzGY eOJFvg"
            >
              Edit Profile
            </h3>
          </div>
          <div
            class="sc-eqIVtm bACcVR"
          >
            <div
              class="sc-kgAjT sc-cJSrbW sc-dNLxif KkOk"
            >
              <form
                action="#"
              >
                <label
                  class="sc-cMljjf sc-jbKcbu kcjfY"
                  for="image"
                >
                  Profile picture
                </label>
                <figure
                  class="sc-TOsTZ kFBaye"
                >
                  <div>
                    <img
                      alt=""
                      src="profile-image.png"
                    />
                  </div>
                  <p>
                    Jake22
                  </p>
                </figure>
                <div
                  class="sc-eqIVtm bACcVR"
                >
                  <label
                    class="sc-cMljjf bFdBto"
                    for="fullname"
                  >
                    Full Name
                  </label>
                  <input
                    class="sc-jAaTju jdGLtg"
                    display="wide"
                    name="fullname"
                    placeholder="Full Name"
                    type="text"
                    value="Jake Tom"
                  />
                </div>
                <div
                  class="sc-eqIVtm bACcVR"
                >
                  <label
                    class="sc-cMljjf bFdBto"
                    for="image"
                  >
                    Profile Image
                  </label>
                  <input
                    accept="image/*"
                    class="sc-jAaTju jdGLtg"
                    display="wide"
                    name="image_url"
                    placeholder="Profile picture"
                    type="file"
                    value=""
                  />
                </div>
                <div
                  class="sc-eqIVtm bACcVR"
                >
                  <div
                    class="sc-caSCKo dZGQkd"
                  >
                    <label
                      class="sc-cMljjf bFdBto"
                      for="email"
                    >
                      Email
                    </label>
                    <input
                      class="sc-jAaTju jdGLtg"
                      display="wide"
                      name="email"
                      placeholder="Email"
                      type="text"
                      value="8omemail@google.com"
                    />
                  </div>
                  <div
                    class="sc-caSCKo dZGQkd"
                  >
                    <label
                      class="sc-cMljjf bFdBto"
                      for="username"
                    >
                      Username
                    </label>
                    <input
                      class="sc-jAaTju jdGLtg"
                      display="wide"
                      name="username"
                      placeholder="Username"
                      type="text"
                      value="Jake22"
                    />
                  </div>
                </div>
                <div
                  class="sc-eqIVtm bACcVR"
                >
                  <label
                    class="sc-cMljjf bFdBto"
                    for="bio"
                  >
                    Bio
                  </label>
                  <div
                    class="sc-kjoXOD cjJXTl"
                  >
                    <textarea
                      name="bio"
                      placeholder="bio"
                    >
                      I like coding 
                    </textarea>
                  </div>
                </div>
                <div
                  class="sc-eqIVtm sc-jqCOkK yzuen"
                >
                  <a
                    href="/dashboard"
                  >
                    <button
                      class="sc-htpNat maCfY"
                      color="grey"
                      to="/dashboard"
                    >
                      Cancel
                    </button>
                  </a>
                  <button
                    class="sc-htpNat jPhUiJ sc-uJMKN kiKVKP"
                    color="green"
                    type="submit"
                  >
                    Save Changes
                  </button>
                </div>
              </form>
            </div>
          </div>
        </div>
      </div>
      <div
        class="sc-dnqmqq gkSNdn"
      >
        <p
          class="sc-VigVT kZDxgA"
        >
          International Crafters © 2020
        </p>
        <div>
          <a
            class="sc-iwsKbI sc-gqjmRU kqKCDB"
            href="#"
          >
            Privacy
          </a>
          <a
            class="sc-iwsKbI sc-gqjmRU kqKCDB"
            href="#"
          >
            Contacts
          </a>
        </div>
      </div>
    </div>
  </div>,
  "debug": [Function],
  "findAllByAltText": [Function],
  "findAllByDisplayValue": [Function],
  "findAllByLabelText": [Function],
  "findAllByPlaceholderText": [Function],
  "findAllByRole": [Function],
  "findAllByTestId": [Function],
  "findAllByText": [Function],
  "findAllByTitle": [Function],
  "findByAltText": [Function],
  "findByDisplayValue": [Function],
  "findByLabelText": [Function],
  "findByPlaceholderText": [Function],
  "findByRole": [Function],
  "findByTestId": [Function],
  "findByText": [Function],
  "findByTitle": [Function],
  "getAllByAltText": [Function],
  "getAllByDisplayValue": [Function],
  "getAllByLabelText": [Function],
  "getAllByPlaceholderText": [Function],
  "getAllByRole": [Function],
  "getAllByTestId": [Function],
  "getAllByText": [Function],
  "getAllByTitle": [Function],
  "getByAltText": [Function],
  "getByDisplayValue": [Function],
  "getByLabelText": [Function],
  "getByPlaceholderText": [Function],
  "getByRole": [Function],
  "getByTestId": [Function],
  "getByText": [Function],
  "getByTitle": [Function],
  "queryAllByAltText": [Function],
  "queryAllByDisplayValue": [Function],
  "queryAllByLabelText": [Function],
  "queryAllByPlaceholderText": [Function],
  "queryAllByRole": [Function],
  "queryAllByTestId": [Function],
  "queryAllByText": [Function],
  "queryAllByTitle": [Function],
  "queryByAltText": [Function],
  "queryByDisplayValue": [Function],
  "queryByLabelText": [Function],
  "queryByPlaceholderText": [Function],
  "queryByRole": [Function],
  "queryByTestId": [Function],
  "queryByText": [Function],
  "queryByTitle": [Function],
  "rerender": [Function],
  "unmount": [Function],
}
`;
