// Jest Snapshot v1, https://goo.gl/fbAQLP

exports[`Shows all the text nodes on CreateTeam.js that are contained on the making an event form App.js component renders properly,with all the Private Routes 1`] = `
Object {
  "asFragment": [Function],
  "baseElement": <body>
    <div>
      <main
        class="sc-bmyXtO gNOcFw"
      >
        <div
          class="sc-bwzfXH dNrEvZ"
        >
          <a
            class="sc-gqjmRU eYqZJu"
            href="/"
          >
            <figure
              class="sc-bxivhb bUTdeA"
            >
              <p>
                HackHunt
              </p>
            </figure>
          </a>
          <div
            class="sc-gZMcBi ernugP"
          >
            <div
              class="sc-dnqmqq dbnRJu"
            >
              <button
                class="sc-bZQynM bBNbpz sc-iwsKbI bcPqlG"
                color="grey"
              >
                Log Out
              </button>
            </div>
          </div>
        </div>
        <div
          class="sc-dEoRIm eLBSrz"
        >
          <div
            class="sc-jWBwVP sc-giadOv ciBkEB"
          >
            <form
              action="#"
            >
              <div
                class="sc-fAjcbJ mKnJd"
              >
                <h3
                  class="sc-kpOJdX bVmkrR"
                >
                  Edit Profile
                </h3>
              </div>
              <div
                class="sc-caSCKo boEoJN"
              >
                <label
                  class="sc-kkGfuU jVfFVH"
                  for="fullname"
                >
                  Full Name
                </label>
                <input
                  class="sc-iAyFgw fcSPUw"
                  display="wide"
                  name="fullname"
                  placeholder="Full Name"
                  type="text"
                  value="Jake Tom"
                />
              </div>
              <div
                class="sc-caSCKo boEoJN"
              >
                <label
                  class="sc-kkGfuU jVfFVH"
                  for="username"
                >
                  Username
                </label>
                <input
                  class="sc-iAyFgw fcSPUw"
                  display="wide"
                  name="username"
                  placeholder="Username"
                  type="text"
                  value="Jake22"
                />
              </div>
              <div
                class="sc-caSCKo boEoJN"
              >
                <label
                  class="sc-kkGfuU jVfFVH"
                  for="email"
                >
                  Email
                </label>
                <input
                  class="sc-iAyFgw fcSPUw"
                  display="wide"
                  name="email"
                  placeholder="Email"
                  type="text"
                  value="8omemail@google.com"
                />
              </div>
              <div
                class="sc-caSCKo boEoJN"
              >
                <label
                  class="sc-kkGfuU jVfFVH"
                  for="image"
                >
                  Profile Image
                </label>
                <input
                  accept="image/*"
                  class="sc-iAyFgw fcSPUw"
                  display="wide"
                  name="image_url"
                  placeholder="Profile picture"
                  type="file"
                  value=""
                />
              </div>
              <div
                class="sc-caSCKo boEoJN"
              >
                <label
                  class="sc-kkGfuU jVfFVH"
                  for="bio"
                >
                  Bio
                </label>
                <div
                  class="sc-exAgwC bcxlII"
                >
                  <textarea
                    name="bio"
                    placeholder="bio"
                  >
                    I like coding 
                  </textarea>
                </div>
              </div>
              <div
                class="sc-caSCKo sc-fONwsr fYeqcz"
              >
                <button
                  class="sc-bZQynM kRVgna sc-VJcYb jkgbuT"
                  color="green"
                  type="submit"
                >
                  Save Changes
                </button>
              </div>
            </form>
          </div>
        </div>
        <div
          class="sc-VigVT hLMaDr"
        >
          <p
            class="sc-cSHVUG dgJmvK"
          >
            International Crafters © 2020
          </p>
          <div>
            <a
              class="sc-jTzLTM sc-jzJRlG dvjhjb"
              href="#"
            >
              Privacy
            </a>
            <a
              class="sc-jTzLTM sc-jzJRlG dvjhjb"
              href="#"
            >
              Contacts
            </a>
          </div>
        </div>
        <div
          class="sc-iRbamj boWdgo"
        >
          <div
            class="sc-Rmtcm eRdoZN"
          >
            <div
              class="sc-jlyJG iszuWf"
            >
              <img
                alt="Jake22"
                class="sc-hzDkRC isQXDX"
                src="user_icon.svg"
              />
              <div
                class="sc-gPEVay daEBjo"
              >
                <p>
                  Jake Tom
                </p>
                <p>
                  8omemail@google.com
                </p>
              </div>
            </div>
          </div>
          <a
            activeclassname="current"
            class="sc-gzVnrw dVqqDe sc-bRBYWo cbUONd"
            color="primary"
            href="/event/new"
          >
            Create
             Event
          </a>
          <div
            style="width: 100%; position: relative;"
          >
            <a
              class="sc-gipzik hCERMa"
              href="/home"
            >
              <span>
                Home
              </span>
            </a>
          </div>
          <div
            style="width: 100%; position: relative;"
          >
            <a
              class="sc-gipzik hCERMa"
              href="/dashboard"
            >
              <span>
                Dashboard
              </span>
            </a>
          </div>
          <div
            style="width: 100%; position: relative;"
          >
            <a
              class="sc-gipzik hCERMa"
              href="/about"
            >
              <span>
                About
              </span>
            </a>
          </div>
          <div
            style="width: 100%; position: relative;"
          >
            <a
              class="sc-gipzik hCERMa"
              href="/results"
            >
              <span>
                Results
              </span>
            </a>
          </div>
        </div>
      </main>
      <div
        class="Toastify"
      />
    </div>
  </body>,
  "container": <div>
    <main
      class="sc-bmyXtO gNOcFw"
    >
      <div
        class="sc-bwzfXH dNrEvZ"
      >
        <a
          class="sc-gqjmRU eYqZJu"
          href="/"
        >
          <figure
            class="sc-bxivhb bUTdeA"
          >
            <p>
              HackHunt
            </p>
          </figure>
        </a>
        <div
          class="sc-gZMcBi ernugP"
        >
          <div
            class="sc-dnqmqq dbnRJu"
          >
            <button
              class="sc-bZQynM bBNbpz sc-iwsKbI bcPqlG"
              color="grey"
            >
              Log Out
            </button>
          </div>
        </div>
      </div>
      <div
        class="sc-dEoRIm eLBSrz"
      >
        <div
          class="sc-jWBwVP sc-giadOv ciBkEB"
        >
          <form
            action="#"
          >
            <div
              class="sc-fAjcbJ mKnJd"
            >
              <h3
                class="sc-kpOJdX bVmkrR"
              >
                Edit Profile
              </h3>
            </div>
            <div
              class="sc-caSCKo boEoJN"
            >
              <label
                class="sc-kkGfuU jVfFVH"
                for="fullname"
              >
                Full Name
              </label>
              <input
                class="sc-iAyFgw fcSPUw"
                display="wide"
                name="fullname"
                placeholder="Full Name"
                type="text"
                value="Jake Tom"
              />
            </div>
            <div
              class="sc-caSCKo boEoJN"
            >
              <label
                class="sc-kkGfuU jVfFVH"
                for="username"
              >
                Username
              </label>
              <input
                class="sc-iAyFgw fcSPUw"
                display="wide"
                name="username"
                placeholder="Username"
                type="text"
                value="Jake22"
              />
            </div>
            <div
              class="sc-caSCKo boEoJN"
            >
              <label
                class="sc-kkGfuU jVfFVH"
                for="email"
              >
                Email
              </label>
              <input
                class="sc-iAyFgw fcSPUw"
                display="wide"
                name="email"
                placeholder="Email"
                type="text"
                value="8omemail@google.com"
              />
            </div>
            <div
              class="sc-caSCKo boEoJN"
            >
              <label
                class="sc-kkGfuU jVfFVH"
                for="image"
              >
                Profile Image
              </label>
              <input
                accept="image/*"
                class="sc-iAyFgw fcSPUw"
                display="wide"
                name="image_url"
                placeholder="Profile picture"
                type="file"
                value=""
              />
            </div>
            <div
              class="sc-caSCKo boEoJN"
            >
              <label
                class="sc-kkGfuU jVfFVH"
                for="bio"
              >
                Bio
              </label>
              <div
                class="sc-exAgwC bcxlII"
              >
                <textarea
                  name="bio"
                  placeholder="bio"
                >
                  I like coding 
                </textarea>
              </div>
            </div>
            <div
              class="sc-caSCKo sc-fONwsr fYeqcz"
            >
              <button
                class="sc-bZQynM kRVgna sc-VJcYb jkgbuT"
                color="green"
                type="submit"
              >
                Save Changes
              </button>
            </div>
          </form>
        </div>
      </div>
      <div
        class="sc-VigVT hLMaDr"
      >
        <p
          class="sc-cSHVUG dgJmvK"
        >
          International Crafters © 2020
        </p>
        <div>
          <a
            class="sc-jTzLTM sc-jzJRlG dvjhjb"
            href="#"
          >
            Privacy
          </a>
          <a
            class="sc-jTzLTM sc-jzJRlG dvjhjb"
            href="#"
          >
            Contacts
          </a>
        </div>
      </div>
      <div
        class="sc-iRbamj boWdgo"
      >
        <div
          class="sc-Rmtcm eRdoZN"
        >
          <div
            class="sc-jlyJG iszuWf"
          >
            <img
              alt="Jake22"
              class="sc-hzDkRC isQXDX"
              src="user_icon.svg"
            />
            <div
              class="sc-gPEVay daEBjo"
            >
              <p>
                Jake Tom
              </p>
              <p>
                8omemail@google.com
              </p>
            </div>
          </div>
        </div>
        <a
          activeclassname="current"
          class="sc-gzVnrw dVqqDe sc-bRBYWo cbUONd"
          color="primary"
          href="/event/new"
        >
          Create
           Event
        </a>
        <div
          style="width: 100%; position: relative;"
        >
          <a
            class="sc-gipzik hCERMa"
            href="/home"
          >
            <span>
              Home
            </span>
          </a>
        </div>
        <div
          style="width: 100%; position: relative;"
        >
          <a
            class="sc-gipzik hCERMa"
            href="/dashboard"
          >
            <span>
              Dashboard
            </span>
          </a>
        </div>
        <div
          style="width: 100%; position: relative;"
        >
          <a
            class="sc-gipzik hCERMa"
            href="/about"
          >
            <span>
              About
            </span>
          </a>
        </div>
        <div
          style="width: 100%; position: relative;"
        >
          <a
            class="sc-gipzik hCERMa"
            href="/results"
          >
            <span>
              Results
            </span>
          </a>
        </div>
      </div>
    </main>
    <div
      class="Toastify"
    />
  </div>,
  "debug": [Function],
  "findAllByAltText": [Function],
  "findAllByDisplayValue": [Function],
  "findAllByLabelText": [Function],
  "findAllByPlaceholderText": [Function],
  "findAllByRole": [Function],
  "findAllByTestId": [Function],
  "findAllByText": [Function],
  "findAllByTitle": [Function],
  "findByAltText": [Function],
  "findByDisplayValue": [Function],
  "findByLabelText": [Function],
  "findByPlaceholderText": [Function],
  "findByRole": [Function],
  "findByTestId": [Function],
  "findByText": [Function],
  "findByTitle": [Function],
  "getAllByAltText": [Function],
  "getAllByDisplayValue": [Function],
  "getAllByLabelText": [Function],
  "getAllByPlaceholderText": [Function],
  "getAllByRole": [Function],
  "getAllByTestId": [Function],
  "getAllByText": [Function],
  "getAllByTitle": [Function],
  "getByAltText": [Function],
  "getByDisplayValue": [Function],
  "getByLabelText": [Function],
  "getByPlaceholderText": [Function],
  "getByRole": [Function],
  "getByTestId": [Function],
  "getByText": [Function],
  "getByTitle": [Function],
  "queryAllByAltText": [Function],
  "queryAllByDisplayValue": [Function],
  "queryAllByLabelText": [Function],
  "queryAllByPlaceholderText": [Function],
  "queryAllByRole": [Function],
  "queryAllByTestId": [Function],
  "queryAllByText": [Function],
  "queryAllByTitle": [Function],
  "queryByAltText": [Function],
  "queryByDisplayValue": [Function],
  "queryByLabelText": [Function],
  "queryByPlaceholderText": [Function],
  "queryByRole": [Function],
  "queryByTestId": [Function],
  "queryByText": [Function],
  "queryByTitle": [Function],
  "rerender": [Function],
  "unmount": [Function],
}
`;
