// Jest Snapshot v1, https://goo.gl/fbAQLP

exports[`Asserts that text nodes on ResetPassword.js,render properly ResetPassword.js component renders properly 1`] = `
Object {
  "asFragment": [Function],
  "baseElement": <body>
    <div>
      <div
        class="sc-bdVaJa ezLspW"
      >
        <img
          alt="Reset passowrd"
          class="sc-kAzzGY eAsvzO"
          src="Password.png"
        />
        <div
          class="sc-htoDjs cMiEQS"
        >
          <h1
            class="sc-dnqmqq eiIxdn"
          >
            Reset the password
          </h1>
          <p
            class="sc-VigVT fMEWJn"
          >
            Enter your email address so we can reset your password and send a link to your inbox.
          </p>
          <form
            action="#"
          >
            <input
              class="sc-cSHVUG kikqQz"
              display="wide"
              id="email"
              name="email"
              placeholder="Email address"
              type="email"
              value=""
            />
            <span
              class="sc-bxivhb sc-gzVnrw dSolTc"
            />
            <div
              class="sc-htpNat jNuDmB"
            >
              <button
                class="sc-jTzLTM rPycD"
                color="blue"
                type="submit"
              >
                Reset Password
              </button>
            </div>
          </form>
        </div>
      </div>
    </div>
  </body>,
  "container": <div>
    <div
      class="sc-bdVaJa ezLspW"
    >
      <img
        alt="Reset passowrd"
        class="sc-kAzzGY eAsvzO"
        src="Password.png"
      />
      <div
        class="sc-htoDjs cMiEQS"
      >
        <h1
          class="sc-dnqmqq eiIxdn"
        >
          Reset the password
        </h1>
        <p
          class="sc-VigVT fMEWJn"
        >
          Enter your email address so we can reset your password and send a link to your inbox.
        </p>
        <form
          action="#"
        >
          <input
            class="sc-cSHVUG kikqQz"
            display="wide"
            id="email"
            name="email"
            placeholder="Email address"
            type="email"
            value=""
          />
          <span
            class="sc-bxivhb sc-gzVnrw dSolTc"
          />
          <div
            class="sc-htpNat jNuDmB"
          >
            <button
              class="sc-jTzLTM rPycD"
              color="blue"
              type="submit"
            >
              Reset Password
            </button>
          </div>
        </form>
      </div>
    </div>
  </div>,
  "debug": [Function],
  "findAllByAltText": [Function],
  "findAllByDisplayValue": [Function],
  "findAllByLabelText": [Function],
  "findAllByPlaceholderText": [Function],
  "findAllByRole": [Function],
  "findAllByTestId": [Function],
  "findAllByText": [Function],
  "findAllByTitle": [Function],
  "findByAltText": [Function],
  "findByDisplayValue": [Function],
  "findByLabelText": [Function],
  "findByPlaceholderText": [Function],
  "findByRole": [Function],
  "findByTestId": [Function],
  "findByText": [Function],
  "findByTitle": [Function],
  "getAllByAltText": [Function],
  "getAllByDisplayValue": [Function],
  "getAllByLabelText": [Function],
  "getAllByPlaceholderText": [Function],
  "getAllByRole": [Function],
  "getAllByTestId": [Function],
  "getAllByText": [Function],
  "getAllByTitle": [Function],
  "getByAltText": [Function],
  "getByDisplayValue": [Function],
  "getByLabelText": [Function],
  "getByPlaceholderText": [Function],
  "getByRole": [Function],
  "getByTestId": [Function],
  "getByText": [Function],
  "getByTitle": [Function],
  "queryAllByAltText": [Function],
  "queryAllByDisplayValue": [Function],
  "queryAllByLabelText": [Function],
  "queryAllByPlaceholderText": [Function],
  "queryAllByRole": [Function],
  "queryAllByTestId": [Function],
  "queryAllByText": [Function],
  "queryAllByTitle": [Function],
  "queryByAltText": [Function],
  "queryByDisplayValue": [Function],
  "queryByLabelText": [Function],
  "queryByPlaceholderText": [Function],
  "queryByRole": [Function],
  "queryByTestId": [Function],
  "queryByText": [Function],
  "queryByTitle": [Function],
  "rerender": [Function],
  "unmount": [Function],
}
`;
