// Jest Snapshot v1, https://goo.gl/fbAQLP

exports[`Asserts that text nodes on ResetPassword.js,render properly CreateTeam.js component renders properly 1`] = `
Object {
  "asFragment": [Function],
  "baseElement": <body>
    <div>
      <div>
        <div
          class="sc-kkGfuU hHsstM"
        >
          <div
            class="sc-iAyFgw hTZNnj"
          >
            <a
              href="/"
            >
              <img
                alt="Hackton - Organise hackathons"
                class="sc-hSdWYo hKWaGh"
                src="Hackton-logo.png"
              />
            </a>
            <div
              class="sc-eHgmQL fkzbAu"
            >
              <a
                class="sc-ckVGcZ iJUGwi"
                href="/login"
              >
                Log In
              </a>
              <a
                class="sc-ckVGcZ fvROnc"
                color="blue"
                href="/register"
              >
                Sign Up
              </a>
            </div>
          </div>
        </div>
        <div
          class="sc-EHOje jspjJi"
        >
          <div
            class="sc-bwzfXH hGiVHs"
          >
            <img
              alt="Reset passowrd"
              class="sc-cvbbAY iRrWln"
              src="Password.png"
            />
            <div
              class="sc-kAzzGY xvcpi"
            >
              <h1
                class="sc-chPdSV kykpUG"
              >
                Reset the password
              </h1>
              <p
                class="sc-fjdhpX dXRZOk"
              >
                Enter your email address so we can reset your password and send a link to your inbox.
              </p>
              <form
                action="#"
              >
                <input
                  class="sc-ifAKCX dlYsJw"
                  display="wide"
                  id="email"
                  name="email"
                  placeholder="Email address"
                  type="email"
                  value=""
                />
                <span
                  class="sc-jKJlTe sc-kEYyzF eqSMXL"
                />
                <div
                  class="sc-bZQynM fdfMuk"
                >
                  <button
                    class="sc-dxgOiQ kNRfcU"
                    color="blue"
                    type="submit"
                  >
                    Reset Password
                  </button>
                </div>
              </form>
            </div>
          </div>
        </div>
        <div
          class="sc-gzVnrw bRGEaa"
        >
          <div
            class="sc-htoDjs fNWpfq"
          >
            <div>
              <img
                alt="LinkedIn"
                class="sc-dnqmqq gTYlbV"
                src="Icon-linkedin.png"
              />
              <img
                alt="Twitter"
                class="sc-dnqmqq gTYlbV"
                src="Icon-twitter.png"
              />
              <img
                alt="Facebook"
                class="sc-dnqmqq gTYlbV"
                src="Icon-facebook.png"
              />
            </div>
            <div>
              <a
                class="sc-gqjmRU sc-jTzLTM byvPlG"
                href="https://hackton.co/#team"
              >
                Team
              </a>
              <a
                class="sc-gqjmRU sc-jTzLTM byvPlG"
                href="#"
              >
                Privacy
              </a>
              <a
                class="sc-gqjmRU sc-jTzLTM byvPlG"
                href="#"
              >
                Contacts
              </a>
            </div>
            <div>
              <p
                class="sc-fjdhpX sc-jzJRlG dgatlx"
              >
                International Crafters © 2020
              </p>
            </div>
          </div>
        </div>
      </div>
    </div>
  </body>,
  "container": <div>
    <div>
      <div
        class="sc-kkGfuU hHsstM"
      >
        <div
          class="sc-iAyFgw hTZNnj"
        >
          <a
            href="/"
          >
            <img
              alt="Hackton - Organise hackathons"
              class="sc-hSdWYo hKWaGh"
              src="Hackton-logo.png"
            />
          </a>
          <div
            class="sc-eHgmQL fkzbAu"
          >
            <a
              class="sc-ckVGcZ iJUGwi"
              href="/login"
            >
              Log In
            </a>
            <a
              class="sc-ckVGcZ fvROnc"
              color="blue"
              href="/register"
            >
              Sign Up
            </a>
          </div>
        </div>
      </div>
      <div
        class="sc-EHOje jspjJi"
      >
        <div
          class="sc-bwzfXH hGiVHs"
        >
          <img
            alt="Reset passowrd"
            class="sc-cvbbAY iRrWln"
            src="Password.png"
          />
          <div
            class="sc-kAzzGY xvcpi"
          >
            <h1
              class="sc-chPdSV kykpUG"
            >
              Reset the password
            </h1>
            <p
              class="sc-fjdhpX dXRZOk"
            >
              Enter your email address so we can reset your password and send a link to your inbox.
            </p>
            <form
              action="#"
            >
              <input
                class="sc-ifAKCX dlYsJw"
                display="wide"
                id="email"
                name="email"
                placeholder="Email address"
                type="email"
                value=""
              />
              <span
                class="sc-jKJlTe sc-kEYyzF eqSMXL"
              />
              <div
                class="sc-bZQynM fdfMuk"
              >
                <button
                  class="sc-dxgOiQ kNRfcU"
                  color="blue"
                  type="submit"
                >
                  Reset Password
                </button>
              </div>
            </form>
          </div>
        </div>
      </div>
      <div
        class="sc-gzVnrw bRGEaa"
      >
        <div
          class="sc-htoDjs fNWpfq"
        >
          <div>
            <img
              alt="LinkedIn"
              class="sc-dnqmqq gTYlbV"
              src="Icon-linkedin.png"
            />
            <img
              alt="Twitter"
              class="sc-dnqmqq gTYlbV"
              src="Icon-twitter.png"
            />
            <img
              alt="Facebook"
              class="sc-dnqmqq gTYlbV"
              src="Icon-facebook.png"
            />
          </div>
          <div>
            <a
              class="sc-gqjmRU sc-jTzLTM byvPlG"
              href="https://hackton.co/#team"
            >
              Team
            </a>
            <a
              class="sc-gqjmRU sc-jTzLTM byvPlG"
              href="#"
            >
              Privacy
            </a>
            <a
              class="sc-gqjmRU sc-jTzLTM byvPlG"
              href="#"
            >
              Contacts
            </a>
          </div>
          <div>
            <p
              class="sc-fjdhpX sc-jzJRlG dgatlx"
            >
              International Crafters © 2020
            </p>
          </div>
        </div>
      </div>
    </div>
  </div>,
  "debug": [Function],
  "findAllByAltText": [Function],
  "findAllByDisplayValue": [Function],
  "findAllByLabelText": [Function],
  "findAllByPlaceholderText": [Function],
  "findAllByRole": [Function],
  "findAllByTestId": [Function],
  "findAllByText": [Function],
  "findAllByTitle": [Function],
  "findByAltText": [Function],
  "findByDisplayValue": [Function],
  "findByLabelText": [Function],
  "findByPlaceholderText": [Function],
  "findByRole": [Function],
  "findByTestId": [Function],
  "findByText": [Function],
  "findByTitle": [Function],
  "getAllByAltText": [Function],
  "getAllByDisplayValue": [Function],
  "getAllByLabelText": [Function],
  "getAllByPlaceholderText": [Function],
  "getAllByRole": [Function],
  "getAllByTestId": [Function],
  "getAllByText": [Function],
  "getAllByTitle": [Function],
  "getByAltText": [Function],
  "getByDisplayValue": [Function],
  "getByLabelText": [Function],
  "getByPlaceholderText": [Function],
  "getByRole": [Function],
  "getByTestId": [Function],
  "getByText": [Function],
  "getByTitle": [Function],
  "queryAllByAltText": [Function],
  "queryAllByDisplayValue": [Function],
  "queryAllByLabelText": [Function],
  "queryAllByPlaceholderText": [Function],
  "queryAllByRole": [Function],
  "queryAllByTestId": [Function],
  "queryAllByText": [Function],
  "queryAllByTitle": [Function],
  "queryByAltText": [Function],
  "queryByDisplayValue": [Function],
  "queryByLabelText": [Function],
  "queryByPlaceholderText": [Function],
  "queryByRole": [Function],
  "queryByTestId": [Function],
  "queryByText": [Function],
  "queryByTitle": [Function],
  "rerender": [Function],
  "unmount": [Function],
}
`;
