// Jest Snapshot v1, https://goo.gl/fbAQLP

exports[`Asserts that text nodes on ResetPasswordConfirmation.js,render properly ResetPassword.js component renders properly 1`] = `
Object {
  "asFragment": [Function],
  "baseElement": <body>
    <div>
      <div
        class="sc-dnqmqq cbWufU"
      >
        <div
          class="sc-bdVaJa ezLspW"
        >
          <img
            alt="Password Sent"
            class="sc-VigVT goDtxb"
            src="Password-sent.png"
          />
          <div
            class="sc-htpNat hzPPtc"
          >
            <h1
              class="sc-bxivhb eytFwH"
            >
              Check your inbox
            </h1>
            <p
              class="sc-gzVnrw fREmO"
            >
              Please check your email inbox for directions on how to reset your password.
            </p>
            <div
              class="sc-htoDjs bYniKI"
            >
              <a
                class="sc-gqjmRU gRHsWV"
                to="/login"
              >
                Return to Login page
              </a>
            </div>
          </div>
        </div>
      </div>
    </div>
  </body>,
  "container": <div>
    <div
      class="sc-dnqmqq cbWufU"
    >
      <div
        class="sc-bdVaJa ezLspW"
      >
        <img
          alt="Password Sent"
          class="sc-VigVT goDtxb"
          src="Password-sent.png"
        />
        <div
          class="sc-htpNat hzPPtc"
        >
          <h1
            class="sc-bxivhb eytFwH"
          >
            Check your inbox
          </h1>
          <p
            class="sc-gzVnrw fREmO"
          >
            Please check your email inbox for directions on how to reset your password.
          </p>
          <div
            class="sc-htoDjs bYniKI"
          >
            <a
              class="sc-gqjmRU gRHsWV"
              to="/login"
            >
              Return to Login page
            </a>
          </div>
        </div>
      </div>
    </div>
  </div>,
  "debug": [Function],
  "findAllByAltText": [Function],
  "findAllByDisplayValue": [Function],
  "findAllByLabelText": [Function],
  "findAllByPlaceholderText": [Function],
  "findAllByRole": [Function],
  "findAllByTestId": [Function],
  "findAllByText": [Function],
  "findAllByTitle": [Function],
  "findByAltText": [Function],
  "findByDisplayValue": [Function],
  "findByLabelText": [Function],
  "findByPlaceholderText": [Function],
  "findByRole": [Function],
  "findByTestId": [Function],
  "findByText": [Function],
  "findByTitle": [Function],
  "getAllByAltText": [Function],
  "getAllByDisplayValue": [Function],
  "getAllByLabelText": [Function],
  "getAllByPlaceholderText": [Function],
  "getAllByRole": [Function],
  "getAllByTestId": [Function],
  "getAllByText": [Function],
  "getAllByTitle": [Function],
  "getByAltText": [Function],
  "getByDisplayValue": [Function],
  "getByLabelText": [Function],
  "getByPlaceholderText": [Function],
  "getByRole": [Function],
  "getByTestId": [Function],
  "getByText": [Function],
  "getByTitle": [Function],
  "queryAllByAltText": [Function],
  "queryAllByDisplayValue": [Function],
  "queryAllByLabelText": [Function],
  "queryAllByPlaceholderText": [Function],
  "queryAllByRole": [Function],
  "queryAllByTestId": [Function],
  "queryAllByText": [Function],
  "queryAllByTitle": [Function],
  "queryByAltText": [Function],
  "queryByDisplayValue": [Function],
  "queryByLabelText": [Function],
  "queryByPlaceholderText": [Function],
  "queryByRole": [Function],
  "queryByTestId": [Function],
  "queryByText": [Function],
  "queryByTitle": [Function],
  "rerender": [Function],
  "unmount": [Function],
}
`;
